JSCompiler_StaticMethods_applyPattern_:ev
JSCompiler_StaticMethods_applyStandardPattern_:dv
JSCompiler_StaticMethods_assoc_BANG_:Cj
JSCompiler_StaticMethods_cljs$core$ITransientVector$_assoc_n_BANG_$arity$3:Di
JSCompiler_StaticMethods_cljs$core$async$impl$channels$MMC$abort$arity$1:BB
JSCompiler_StaticMethods_cljs$core$async$impl$protocols$Channel$close_BANG_$arity$1:CB
JSCompiler_StaticMethods_cljs$core$async$impl$protocols$ReadPort$take_BANG_$arity$2:DB
JSCompiler_StaticMethods_containsKey:yb
JSCompiler_StaticMethods_div:Da
JSCompiler_StaticMethods_edit_and_remove_pair:gj
JSCompiler_StaticMethods_enforceReadOnly:ib
JSCompiler_StaticMethods_ensureKeyMapInitialized_:ub
JSCompiler_StaticMethods_equals:Fa
JSCompiler_StaticMethods_formatField_:iv
JSCompiler_StaticMethods_getDaylightAdjustment:bv
JSCompiler_StaticMethods_getKeyName_:vb
JSCompiler_StaticMethods_isZero:Ea
JSCompiler_StaticMethods_localizeNumbers_:jv
JSCompiler_StaticMethods_negate:za
JSCompiler_StaticMethods_setPort:jb
JSCompiler_StaticMethods_setQueryData:kb
JSCompiler_StaticMethods_setScheme:hb
JSCompiler_StaticMethods_sval:wg
JSCompiler_StaticMethods_toNumber:Ca
JSCompiler_inline_result$jscomp$303:mA
JSCompiler_inline_result$jscomp$308:sF
JSCompiler_inline_result$jscomp$317:Xz
JSCompiler_inline_result$jscomp$48:Ua
JSCompiler_prototypeAlias:e
JSCompiler_temp_const$jscomp$298:lA
JSCompiler_temp_const$jscomp$299:kA
JSCompiler_temp_const$jscomp$300:jA
JSCompiler_temp_const$jscomp$301:iA
JSCompiler_temp_const$jscomp$302:hA
JSCompiler_temp_const$jscomp$304:rF
JSCompiler_temp_const$jscomp$305:qF
JSCompiler_temp_const$jscomp$306:pF
JSCompiler_temp_const$jscomp$307:oF
JSCompiler_temp_const$jscomp$315:Wz
JSCompiler_temp_const$jscomp$316:Vz
L 0:a
L 1:b
L 10:u
L 11:v
L 12:y
L 13:z
L 14:F
L 15:J
L 16:I
L 17:N
L 18:O
L 19:R
L 2:c
L 20:W
L 21:da
L 22:ba
L 23:Y
L 24:ra
L 25:ja
L 26:aa
L 27:ua
L 28:oa
L 29:X
L 3:d
L 30:wa
L 31:wb
L 32:mc
L 33:nc
L 34:Fc
L 35:Qc
L 36:Tb
L 37:xb
L 38:ld
L 39:Pg
L 4:f
L 40:lg
L 41:Qg
L 42:Af
L 43:Ji
L 44:Rg
L 45:Ij
L 46:Ki
L 47:vn
L 48:Xl
L 49:Bf
L 5:g
L 50:gq
L 51:wn
L 52:wG
L 53:bz
L 54:Ct
L 55:xG
L 56:ge
L 6:h
L 7:k
L 8:n
L 9:q
__set_query_BANG_:vH
always_54334:iw
app$client$Root:zK
app$client$app:yK
app$client$init:IK
cached_hierarchy__4750__auto__$jscomp$inline_2305:uv
cached_hierarchy__4750__auto__$jscomp$inline_2344:Tz
cached_hierarchy__4750__auto__$jscomp$inline_2448:PE
cached_hierarchy__4750__auto__$jscomp$inline_2482:gF
cljs:Ab
cljs$core:Bb
cljs$core$ArrayChunk:yg
cljs$core$ArrayList:Sj
cljs$core$ArrayNode:kj
cljs$core$ArrayNodeIterator:pj
cljs$core$ArrayNodeSeq:wj
cljs$core$Atom:th
cljs$core$BitmapIndexedNode:fj
cljs$core$BitmapIndexedNode$EMPTY:jj
cljs$core$Box:Zi
cljs$core$ChunkBuffer:xg
cljs$core$ChunkedCons:Ag
cljs$core$ChunkedSeq:wi
cljs$core$Cons:hg
cljs$core$DEMUNGE_MAP:ec
cljs$core$DEMUNGE_PATTERN:fc
cljs$core$Delay:Dk
cljs$core$ES6EntriesIterator:Oi
cljs$core$ES6Iterator:je
cljs$core$ES6IteratorSeq:le
cljs$core$ES6SetEntriesIterator:Pi
cljs$core$EmptyList:fg
cljs$core$ExceptionInfo:dl
cljs$core$Fn:jc
cljs$core$HashCollisionNode:tj
cljs$core$HashMapIter:yj
cljs$core$HashSetIter:Jj
cljs$core$IAssociative:Ec
cljs$core$IAtom:Hd
cljs$core$ICollection:rc
cljs$core$IComparable:Ad
cljs$core$ICounted:lc
cljs$core$IDeref:Vc
cljs$core$IEmptyableCollection:pc
cljs$core$IEncodeJS:Gk
cljs$core$IFind:Ic
cljs$core$IFn:kc
cljs$core$IIndexed:tc
cljs$core$IIndexed$_nth$dyn_50528:vc
cljs$core$IIterable:Md
cljs$core$IKVReduce:bd
cljs$core$IList:id
cljs$core$ILookup:Bc
cljs$core$ILookup$_lookup$dyn_50539:Dc
cljs$core$IMap:Kc
cljs$core$IMeta:Wc
cljs$core$INIT:dh
cljs$core$INext:zc
cljs$core$IPending:sd
cljs$core$IPrintWithWriter:qd
cljs$core$IRecord:jd
cljs$core$IReduce:Zc
cljs$core$IReduce$_reduce$dyn_50577:ad
cljs$core$IReversible:kd
cljs$core$ISeq:wc
cljs$core$ISeqable:fd
cljs$core$ISequential:hd
cljs$core$ISet:Oc
cljs$core$ISorted:nd
cljs$core$ISwap$_swap_BANG_$dyn_50667:Kd
cljs$core$ITER_SYMBOL:dc
cljs$core$IVector:Tc
cljs$core$IndexedSeq:ee
cljs$core$IndexedSeqIterator:Ie
cljs$core$Inst:qe
cljs$core$IntegerRange:Xj
cljs$core$IntegerRangeChunk:Vj
cljs$core$KeySeq:Dj
cljs$core$Keyword:m
cljs$core$LazySeq:vg
cljs$core$List:Te
cljs$core$List$EMPTY:ie
cljs$core$MapEntry:ki
cljs$core$MetaFn:Ze
cljs$core$MultiFn:$k
cljs$core$NeverEquiv:Ii
cljs$core$NodeIterator:ej
cljs$core$NodeSeq:uj
cljs$core$PROTOCOL_SENTINEL:Db
cljs$core$PersistentArrayMap:l
cljs$core$PersistentArrayMap$EMPTY:T
cljs$core$PersistentArrayMap$HASHMAP_THRESHOLD:Wi
cljs$core$PersistentArrayMap$createAsIfByAssoc:We
cljs$core$PersistentArrayMapIterator:Si
cljs$core$PersistentArrayMapSeq:Ri
cljs$core$PersistentHashMap:zj
cljs$core$PersistentHashMap$EMPTY:Xi
cljs$core$PersistentHashMap$fromArrays:Bj
cljs$core$PersistentHashSet:Kj
cljs$core$PersistentHashSet$EMPTY:Mj
cljs$core$PersistentHashSet$createAsIfByAssoc:Ff
cljs$core$PersistentQueue:Gi
cljs$core$PersistentQueue$EMPTY:Hi
cljs$core$PersistentQueueIter:Ei
cljs$core$PersistentQueueSeq:Fi
cljs$core$PersistentVector:U
cljs$core$PersistentVector$EMPTY:Se
cljs$core$PersistentVector$EMPTY_NODE:V
cljs$core$PersistentVector$fromArray:qi
cljs$core$RSeq:Je
cljs$core$Range:Yj
cljs$core$RangeIterator:Wj
cljs$core$RangedIterator:gi
cljs$core$RecordIter:Ni
cljs$core$Reduced:te
cljs$core$Repeat:Dh
cljs$core$START:eh
cljs$core$SeqIter:fh
cljs$core$StringBufferWriter:Od
cljs$core$Subvec:yi
cljs$core$Symbol:w
cljs$core$TransientArrayMap:Vi
cljs$core$TransientHashMap:Aj
cljs$core$TransientHashSet:Lj
cljs$core$TransientVector:li
cljs$core$UUID:al
cljs$core$ValSeq:Ej
cljs$core$Var:be
cljs$core$VectorNode:Wh
cljs$core$Volatile:xh
cljs$core$_EQ_:A
cljs$core$_EQ__EQ_:bg
cljs$core$_EQ__EQ_$cljs$0core$0IFn$0_invoke$0arity$02:cg
cljs$core$_PLUS_:Uf
cljs$core$_STAR_out_STAR_:Eb
cljs$core$_STAR_print_fn_STAR_:Fb
cljs$core$_STAR_print_length_STAR_:Jb
cljs$core$_STAR_print_level_STAR_:Kb
cljs$core$_STAR_print_namespace_maps_STAR_:Ib
cljs$core$_STAR_print_newline_STAR_:Gb
cljs$core$_STAR_print_readably_STAR_:Hb
cljs$core$__destructure_map:S
cljs$core$_add_method:Vk
cljs$core$_add_watch:ud
cljs$core$_as_transient:vd
cljs$core$_assoc:Hc
cljs$core$_assoc_BANG_:yd
cljs$core$_assoc_n:Uc
cljs$core$_chunked_first:Dd
cljs$core$_chunked_rest:Ed
cljs$core$_clj__GT_js:Hk
cljs$core$_compare:Bd
cljs$core$_conj:sc
cljs$core$_conj_BANG_:wd
cljs$core$_contains_key_QMARK_:Gc
cljs$core$_count:oc
cljs$core$_deref:t
cljs$core$_disjoin:Pc
cljs$core$_dispatch_fn:Yk
cljs$core$_dissoc:Lc
cljs$core$_dissoc_BANG_:zd
cljs$core$_drop_first:Cd
cljs$core$_empty:qc
cljs$core$_equiv:dd
cljs$core$_find:Jc
cljs$core$_first:xc
cljs$core$_flush:pd
cljs$core$_get_method:Wk
cljs$core$_global_hierarchy:Mk
cljs$core$_hash:ed
cljs$core$_indexOf$cljs$0core$0IFn$0_invoke$0arity$03:Ee
cljs$core$_iterator:Nd
cljs$core$_key:Mc
cljs$core$_kv_reduce:cd
cljs$core$_lastIndexOf$cljs$0core$0IFn$0_invoke$0arity$03:He
cljs$core$_lookup:Cc
cljs$core$_meta:Xc
cljs$core$_methods:Xk
cljs$core$_name:Fd
cljs$core$_namespace:Gd
cljs$core$_next:Ac
cljs$core$_nth:uc
cljs$core$_peek:Rc
cljs$core$_persistent_BANG_:xd
cljs$core$_pop:Sc
cljs$core$_pr_writer:rd
cljs$core$_realized_QMARK_:td
cljs$core$_reduce:$c
cljs$core$_reset_BANG_:Id
cljs$core$_rest:yc
cljs$core$_rseq:md
cljs$core$_seq:gd
cljs$core$_swap_BANG_:Jd
cljs$core$_val:Nc
cljs$core$_vreset_BANG_:Ld
cljs$core$_with_meta:Yc
cljs$core$_write:od
cljs$core$aclone:gc
cljs$core$add_watch:Ck
cljs$core$any_QMARK_:Zb
cljs$core$apply:ce
cljs$core$apply$cljs$0core$0IFn$0_invoke$0arity$02:Tg
cljs$core$apply$cljs$0core$0IFn$0_invoke$0arity$03:Ug
cljs$core$apply$cljs$0core$0IFn$0_invoke$0arity$04:Vg
cljs$core$apply$cljs$0core$0IFn$0_invoke$0arity$05:Wg
cljs$core$apply$cljs$0core$0IFn$0_invoke$0arity$0variadic:Xg
cljs$core$apply_to:Kg
cljs$core$apply_to_simple$cljs$0core$0IFn$0_invoke$0arity$03:Mg
cljs$core$apply_to_simple$cljs$0core$0IFn$0_invoke$0arity$04:Ng
cljs$core$apply_to_simple$cljs$0core$0IFn$0_invoke$0arity$05:Og
cljs$core$apply_to_simple$cljs$0core$0IFn$0_invoke$0arity$06:Sg
cljs$core$array_QMARK_:Sb
cljs$core$array__GT_transient_hash_map:Yi
cljs$core$array_copy:mf
cljs$core$array_for:di
cljs$core$array_index_of:Qi
cljs$core$array_reduce$cljs$0core$0IFn$0_invoke$0arity$02:ze
cljs$core$array_reduce$cljs$0core$0IFn$0_invoke$0arity$03:Ae
cljs$core$array_reduce$cljs$0core$0IFn$0_invoke$0arity$04:Be
cljs$core$assoc:K
cljs$core$assoc_BANG_$cljs$0core$0IFn$0_invoke$0arity$03:Jg
cljs$core$assoc_in:Th
cljs$core$associative_QMARK_:ff
cljs$core$async:aB
cljs$core$async$chan$cljs$0core$0IFn$0_invoke$0arity$03:OB
cljs$core$async$fhnop:fB
cljs$core$async$impl:cB
cljs$core$async$impl$buffers$DroppingBuffer:oB
cljs$core$async$impl$buffers$FixedBuffer:nB
cljs$core$async$impl$buffers$RingBuffer:lB
cljs$core$async$impl$buffers$acopy:kB
cljs$core$async$impl$buffers$ring_buffer:mB
cljs$core$async$impl$channels:vB
cljs$core$async$impl$channels$ManyToManyChannel:AB
cljs$core$async$impl$channels$PutBox:yB
cljs$core$async$impl$channels$box:xB
cljs$core$async$impl$channels$chan$cljs$0core$0IFn$0_invoke$0arity$03:GB
cljs$core$async$impl$channels$ex_handler:EB
cljs$core$async$impl$channels$handle:FB
cljs$core$async$impl$channels$put_active_QMARK_:zB
cljs$core$async$impl$channels$t_cljs$0core$0async$0impl$0channels54654:wB
cljs$core$async$impl$dispatch$process_messages:sB
cljs$core$async$impl$dispatch$queue_dispatcher:tB
cljs$core$async$impl$dispatch$queued_QMARK_:rB
cljs$core$async$impl$dispatch$run:uB
cljs$core$async$impl$dispatch$running_QMARK_:qB
cljs$core$async$impl$dispatch$tasks:pB
cljs$core$async$impl$ioc_helpers:HB
cljs$core$async$impl$ioc_helpers$fn_handler:JB
cljs$core$async$impl$ioc_helpers$return_chan:NB
cljs$core$async$impl$ioc_helpers$run_state_machine_wrapped:KB
cljs$core$async$impl$ioc_helpers$t_cljs$0core$0async$0impl$0ioc_helpers54675:IB
cljs$core$async$impl$ioc_helpers$take_BANG_:LB
cljs$core$async$impl$protocols$active_QMARK_:gB
cljs$core$async$impl$protocols$add_BANG_:jB
cljs$core$async$impl$protocols$add_BANG__STAR_:iB
cljs$core$async$impl$protocols$commit:hB
cljs$core$async$impl$protocols$put_BANG_:dB
cljs$core$async$put_BANG_$cljs$0core$0IFn$0_invoke$0arity$02:PB
cljs$core$async$t_cljs$0core$0async54806:bB
cljs$core$atom$cljs$0core$0IFn$0_invoke$0arity$01:uh
cljs$core$bit_count:ag
cljs$core$boolean$0:tf
cljs$core$boolean_QMARK_:qf
cljs$core$bounded_count:Dg
cljs$core$build_subvec:zi
cljs$core$butlast:Pj
cljs$core$char$0:Xf
cljs$core$char_QMARK_:Yb
cljs$core$char_escapes:kk
cljs$core$chunk_append:Cg
cljs$core$chunk_buffer:zg
cljs$core$chunk_cons:Bg
cljs$core$chunked_seq:pi
cljs$core$chunked_seq$cljs$0core$0IFn$0_invoke$0arity$04:oi
cljs$core$chunked_seq$cljs$0core$0IFn$0_invoke$0arity$05:xi
cljs$core$chunked_seq_QMARK_:lf
cljs$core$ci_reduce$cljs$0core$0IFn$0_invoke$0arity$02:xe
cljs$core$ci_reduce$cljs$0core$0IFn$0_invoke$0arity$03:ye
cljs$core$clj__GT_js:Jk
cljs$core$clone_and_set$cljs$0core$0IFn$0_invoke$0arity$03:aj
cljs$core$coll_QMARK_:df
cljs$core$comp:lh
cljs$core$compare:Gf
cljs$core$compare_indexed$cljs$0core$0IFn$0_invoke$0arity$02:Hf
cljs$core$compare_keywords:ig
cljs$core$compare_symbols:$d
cljs$core$complement:jh
cljs$core$completing$cljs$0core$0IFn$0_invoke$0arity$02:Rf
cljs$core$concat:Fg
cljs$core$conj:Re
cljs$core$conj_BANG_:Ig
cljs$core$cons:Le
cljs$core$constantly:kh
cljs$core$contains_QMARK_:M
cljs$core$count:E
cljs$core$counted_QMARK_:Ce
cljs$core$create_array_node_seq:rj
cljs$core$create_array_node_seq$cljs$0core$0IFn$0_invoke$0arity$01:qj
cljs$core$create_array_node_seq$cljs$0core$0IFn$0_invoke$0arity$03:xj
cljs$core$create_inode_seq:ij
cljs$core$create_inode_seq$cljs$0core$0IFn$0_invoke$0arity$01:hj
cljs$core$create_inode_seq$cljs$0core$0IFn$0_invoke$0arity$03:vj
cljs$core$create_node:mj
cljs$core$create_node$cljs$0core$0IFn$0_invoke$0arity$06:nj
cljs$core$create_node$cljs$0core$0IFn$0_invoke$0arity$07:lj
cljs$core$dec:Vf
cljs$core$demunge:gl
cljs$core$demunge_pattern:fl
cljs$core$deref:we
cljs$core$disj:bf
cljs$core$dissoc:Xe
cljs$core$distinct$cljs$0core$0IFn$0_invoke$0arity$01:Oj
cljs$core$distinct_QMARK_:Ef
cljs$core$do_assoc:ei
cljs$core$doall$cljs$0core$0IFn$0_invoke$0arity$01:dk
cljs$core$dominates:Tk
cljs$core$double_QMARK_:Df
cljs$core$drop$cljs$0core$0IFn$0_invoke$0arity$02:Ah
cljs$core$drop_last$cljs$0core$0IFn$0_invoke$0arity$02:Bh
cljs$core$drop_while$cljs$0core$0IFn$0_invoke$0arity$02:Ch
cljs$core$edit_and_set$cljs$0core$0IFn$0_invoke$0arity$04:cj
cljs$core$empty:Ue
cljs$core$empty_QMARK_:cf
cljs$core$empty_ordered_hash:ne
cljs$core$empty_unordered_hash:pe
cljs$core$enable_console_print_BANG_:Qb
cljs$core$equiv_map:Mi
cljs$core$equiv_sequential:Ke
cljs$core$es6_iterator:ke
cljs$core$es6_iterator_seq:fe
cljs$core$every_QMARK_:hh
cljs$core$ex_info$cljs$0core$0IFn$0_invoke$0arity$02:el
cljs$core$false_QMARK_:of
cljs$core$filter:Jh
cljs$core$filterv:Ph
cljs$core$find_and_cache_best_method:Uk
cljs$core$first:C
cljs$core$fix:Yf
cljs$core$flatten:Mh
cljs$core$float_QMARK_:Cf
cljs$core$fn_QMARK_:Ye
cljs$core$fn__GT_comparator:If
cljs$core$fnil$cljs$0core$0IFn$0_invoke$0arity$02:nh
cljs$core$force:Fk
cljs$core$get:x
cljs$core$get_global_hierarchy:Nk
cljs$core$get_in$cljs$0core$0IFn$0_invoke$0arity$02:Rh
cljs$core$get_in$cljs$0core$0IFn$0_invoke$0arity$03:Sh
cljs$core$group_by:Lk
cljs$core$hash:Xd
cljs$core$hash_collision_node_find_index:sj
cljs$core$hash_map:Yg
cljs$core$hash_ordered_coll:me
cljs$core$hash_string:Wd
cljs$core$hash_symbol:Zd
cljs$core$hash_unordered_coll:oe
cljs$core$ident_QMARK_:mg
cljs$core$identity:Qf
cljs$core$ifn_QMARK_:uf
cljs$core$imul:Qd
cljs$core$inc:se
cljs$core$indexed_QMARK_:De
cljs$core$inode_kv_reduce:dj
cljs$core$inst_QMARK_:re
cljs$core$int_QMARK_:wf
cljs$core$integer_QMARK_:vf
cljs$core$interleave:Gh
cljs$core$interpose$cljs$0core$0IFn$0_invoke$0arity$01:Hh
cljs$core$into:Nh
cljs$core$into_array$cljs$0core$0IFn$0_invoke$0arity$02:hc
cljs$core$isa_QMARK_$cljs$0core$0IFn$0_invoke$0arity$03:Pk
cljs$core$iter_reduce$cljs$0core$0IFn$0_invoke$0arity$02:Nf
cljs$core$iter_reduce$cljs$0core$0IFn$0_invoke$0arity$03:Of
cljs$core$iterable_QMARK_:de
cljs$core$juxt$cljs$0core$0IFn$0_invoke$0arity$02:ck
cljs$core$keep$cljs$0core$0IFn$0_invoke$0arity$01:rh
cljs$core$keep$cljs$0core$0IFn$0_invoke$0arity$02:sh
cljs$core$key:ti
cljs$core$key__GT_js$cljs$0core$0IFn$0_invoke$0arity$02:Ik
cljs$core$key_test:$i
cljs$core$keys:Ti
cljs$core$keyword:tg
cljs$core$keyword_QMARK_:jg
cljs$core$keyword_identical_QMARK_:Q
cljs$core$last:Qe
cljs$core$lift_ns:zk
cljs$core$linear_traversal_nth$cljs$0core$0IFn$0_invoke$0arity$03:Ve
cljs$core$list:P
cljs$core$list_QMARK_:eg
cljs$core$lookup_sentinel:nf
cljs$core$m3_fmix:Td
cljs$core$m3_mix_H1:Sd
cljs$core$m3_mix_K1:Rd
cljs$core$map:yh
cljs$core$map_QMARK_:hf
cljs$core$map_entry_QMARK_:si
cljs$core$map_indexed$cljs$0core$0IFn$0_invoke$0arity$01:oh
cljs$core$map_indexed$cljs$0core$0IFn$0_invoke$0arity$02:qh
cljs$core$mapcat$cljs$0core$0IFn$0_invoke$0arity$0variadic:Ih
cljs$core$mapv$cljs$0core$0IFn$0_invoke$0arity$02:Oh
cljs$core$max:Wf
cljs$core$max_key:Rj
cljs$core$memoize:Kk
cljs$core$merge:Fj
cljs$core$merge_with:Gj
cljs$core$meta:af
cljs$core$missing_protocol:bc
cljs$core$name:ug
cljs$core$namespace:kg
cljs$core$nat_int_QMARK_:zf
cljs$core$native_satisfies_QMARK_:$b
cljs$core$neg_int_QMARK_:yf
cljs$core$never_equiv:Li
cljs$core$new_path:$h
cljs$core$newline$cljs$0core$0IFn$0_invoke$0arity$01:sk
cljs$core$next:D
cljs$core$next_STAR_:Lg
cljs$core$nil_QMARK_:Rb
cljs$core$nil_iter:ch
cljs$core$not:Vb
cljs$core$not_EQ_$cljs$0core$0IFn$0_invoke$0arity$02:ah
cljs$core$not_empty:bh
cljs$core$nth:Ge
cljs$core$nth$cljs$0core$0IFn$0_invoke$0arity$02:Fe
cljs$core$nth$cljs$0core$0IFn$0_invoke$0arity$03:H
cljs$core$number_QMARK_:Ub
cljs$core$pack_array_node:oj
cljs$core$parents$cljs$0core$0IFn$0_invoke$0arity$01:Qk
cljs$core$partial$cljs$0core$0IFn$0_invoke$0arity$02:mh
cljs$core$partition$cljs$0core$0IFn$0_invoke$0arity$03:Qh
cljs$core$partition_all$cljs$0core$0IFn$0_invoke$0arity$01:Tj
cljs$core$partition_by$cljs$0core$0IFn$0_invoke$0arity$02:bk
cljs$core$persistent_BANG_:Hg
cljs$core$pop_tail:fi
cljs$core$pos_int_QMARK_:xf
cljs$core$pr$cljs$0core$0IFn$0_invoke$0arity$0variadic:uk
cljs$core$pr_opts:Lb
cljs$core$pr_sequential_writer:hk
cljs$core$pr_str:tk
cljs$core$pr_str_STAR_:Pd
cljs$core$pr_str_with_opts:rk
cljs$core$pr_writer:ok
cljs$core$pr_writer_impl:nk
cljs$core$prefers_STAR_:Sk
cljs$core$prim_seq$cljs$0core$0IFn$0_invoke$0arity$02:G
cljs$core$print:vk
cljs$core$print_map:pk
cljs$core$print_meta_QMARK_:mk
cljs$core$print_prefix_map:Ak
cljs$core$print_str:wk
cljs$core$println$cljs$0core$0IFn$0_invoke$0arity$0variadic:xk
cljs$core$push_tail:ai
cljs$core$pv_clone_node:Yh
cljs$core$pv_fresh_node:Xh
cljs$core$pv_reduce$cljs$0core$0IFn$0_invoke$0arity$04:ii
cljs$core$pv_reduce$cljs$0core$0IFn$0_invoke$0arity$05:ji
cljs$core$qualified_ident_QMARK_:og
cljs$core$qualified_keyword_QMARK_:sg
cljs$core$qualified_symbol_QMARK_:qg
cljs$core$quot:Zf
cljs$core$quote_string:lk
cljs$core$random_uuid:bl
cljs$core$range$cljs$0core$0IFn$0_invoke$0arity$03:Zj
cljs$core$ranged_iterator:hi
cljs$core$re_find:fk
cljs$core$re_matches:ek
cljs$core$re_seq_STAR_:gk
cljs$core$record_QMARK_:jf
cljs$core$reduce:ic
cljs$core$reduce_kv:Pf
cljs$core$reduced_QMARK_:ue
cljs$core$rem:$f
cljs$core$remove:Kh
cljs$core$remove_pair:bj
cljs$core$repeat$cljs$0core$0IFn$0_invoke$0arity$01:Eh
cljs$core$repeat$cljs$0core$0IFn$0_invoke$0arity$02:Fh
cljs$core$reset_BANG_:vh
cljs$core$reset_cache:Rk
cljs$core$rest:he
cljs$core$reverse:gg
cljs$core$second:Pe
cljs$core$select_keys:Hj
cljs$core$seq:B
cljs$core$seq_QMARK_:rf
cljs$core$seq_reduce:Ne
cljs$core$seq_reduce$cljs$0core$0IFn$0_invoke$0arity$02:Me
cljs$core$seq_reduce$cljs$0core$0IFn$0_invoke$0arity$03:Oe
cljs$core$seqable_QMARK_:sf
cljs$core$sequence$cljs$0core$0IFn$0_invoke$0arity$01:gh
cljs$core$sequential_QMARK_:gf
cljs$core$set:Nj
cljs$core$set_QMARK_:ef
cljs$core$simple_ident_QMARK_:ng
cljs$core$simple_keyword_QMARK_:rg
cljs$core$simple_symbol_QMARK_:pg
cljs$core$some:ih
cljs$core$some_QMARK_:Wb
cljs$core$sort$cljs$0core$0IFn$0_invoke$0arity$02:Jf
cljs$core$sort_by$cljs$0core$0IFn$0_invoke$0arity$02:Lf
cljs$core$sort_by$cljs$0core$0IFn$0_invoke$0arity$03:Mf
cljs$core$split_with:ak
cljs$core$spread:Eg
cljs$core$str:r
cljs$core$string_QMARK_:Xb
cljs$core$string_hash_cache:Ud
cljs$core$string_hash_cache_count:Vd
cljs$core$string_print:jk
cljs$core$strip_ns:yk
cljs$core$subvec$cljs$0core$0IFn$0_invoke$0arity$03:Ai
cljs$core$swap_BANG_:wh
cljs$core$symbol:ae
cljs$core$symbol_QMARK_:Yd
cljs$core$t_cljs$0core49399:Cb
cljs$core$tail_off:Zh
cljs$core$take:zh
cljs$core$take_while$cljs$0core$0IFn$0_invoke$0arity$02:Uj
cljs$core$throw_no_method_error:Zk
cljs$core$to_array:Kf
cljs$core$transduce$cljs$0core$0IFn$0_invoke$0arity$03:Sf
cljs$core$transduce$cljs$0core$0IFn$0_invoke$0arity$04:Tf
cljs$core$transient$0:Gg
cljs$core$tree_seq:Lh
cljs$core$true_QMARK_:pf
cljs$core$truth_:p
cljs$core$tv_editable_root:mi
cljs$core$tv_editable_tail:ni
cljs$core$tv_ensure_editable:Bi
cljs$core$tv_push_tail:Ci
cljs$core$type:ac
cljs$core$type__GT_str:cc
cljs$core$unchecked_array_for:ci
cljs$core$unreduced:ve
cljs$core$update:Vh
cljs$core$update_in:Uh
cljs$core$uri_QMARK_:hl
cljs$core$uuid_QMARK_:cl
cljs$core$val:ui
cljs$core$vals:Ui
cljs$core$vary_meta$cljs$0core$0IFn$0_invoke$0arity$04:Zg
cljs$core$vary_meta$cljs$0core$0IFn$0_invoke$0arity$06:$g
cljs$core$vec:ri
cljs$core$vector:vi
cljs$core$vector_QMARK_:kf
cljs$core$vector_index_out_of_bounds:bi
cljs$core$volatile_BANG_:ph
cljs$core$with_meta:$e
cljs$core$write_all$cljs$0core$0IFn$0_invoke$0arity$0variadic:ik
cljs$core$zero_QMARK_:dg
cljs$core$zipmap:Qj
cljs$cst$keyword$UNSAFE_componentWillMount:Bl
cljs$cst$keyword$UNSAFE_componentWillReceiveProps:Ul
cljs$cst$keyword$_:yr
cljs$cst$keyword$_QMARK_err:pn
cljs$cst$keyword$_QMARK_err_:pl
cljs$cst$keyword$_QMARK_file:Bs
cljs$cst$keyword$_QMARK_ns_DASH_str:to
cljs$cst$keyword$abort_DASH_id:Nt
cljs$cst$keyword$accept:Or
cljs$cst$keyword$after_DASH_render_QMARK_:tp
cljs$cst$keyword$allow_DASH_spec:$o
cljs$cst$keyword$alt_DASH_impl:qk
cljs$cst$keyword$amp:Ko
cljs$cst$keyword$any:Qo
cljs$cst$keyword$app_DOT_client_SLASH_Root:In
cljs$cst$keyword$appender:pt
cljs$cst$keyword$appenders:hs
cljs$cst$keyword$arg1:St
cljs$cst$keyword$arg2:Tt
cljs$cst$keyword$arglists:eq
cljs$cst$keyword$args:Bt
cljs$cst$keyword$async_QMARK_:Jn
cljs$cst$keyword$at:$s
cljs$cst$keyword$bad:um
cljs$cst$keyword$base:Xm
cljs$cst$keyword$batch_DASH_notifications:Cq
cljs$cst$keyword$bg_DASH_256:lo
cljs$cst$keyword$bg_DASH_black:Os
cljs$cst$keyword$bg_DASH_magenta:kt
cljs$cst$keyword$bg_DASH_reset:Oo
cljs$cst$keyword$black:Gt
cljs$cst$keyword$blacklist:nm
cljs$cst$keyword$block:Op
cljs$cst$keyword$buffer:Lt
cljs$cst$keyword$buffer_DASH_level:Cp
cljs$cst$keyword$check_DASH_result:rn
cljs$cst$keyword$check_DASH_results:Cn
cljs$cst$keyword$circle:Kl
cljs$cst$keyword$class_DASH__GT_components:un
cljs$cst$keyword$clauses:Ts
cljs$cst$keyword$cljs$lang$ctorStr:zo
cljs$cst$keyword$cljs$lang$type:ln
cljs$cst$keyword$cljs_DOT_spec_DOT_alpha_SLASH_accept:xq
cljs$cst$keyword$cljs_DOT_spec_DOT_alpha_SLASH_alt:Il
cljs$cst$keyword$cljs_DOT_spec_DOT_alpha_SLASH_amp:Fl
cljs$cst$keyword$cljs_DOT_spec_DOT_alpha_SLASH_conform_DASH_all:Ju
cljs$cst$keyword$cljs_DOT_spec_DOT_alpha_SLASH_describe:et
cljs$cst$keyword$cljs_DOT_spec_DOT_alpha_SLASH_failure:bo
cljs$cst$keyword$cljs_DOT_spec_DOT_alpha_SLASH_kfn:mr
cljs$cst$keyword$cljs_DOT_spec_DOT_alpha_SLASH_kvs_DASH__GT_map:nq
cljs$cst$keyword$cljs_DOT_spec_DOT_alpha_SLASH_name:Qm
cljs$cst$keyword$cljs_DOT_spec_DOT_alpha_SLASH_nil:Yl
cljs$cst$keyword$cljs_DOT_spec_DOT_alpha_SLASH_pcat:Ep
cljs$cst$keyword$cljs_DOT_spec_DOT_alpha_SLASH_problems:Qn
cljs$cst$keyword$cljs_DOT_spec_DOT_alpha_SLASH_recursion_DASH_limit:Mn
cljs$cst$keyword$cljs_DOT_spec_DOT_alpha_SLASH_rep:At
cljs$cst$keyword$cljs_DOT_spec_DOT_alpha_SLASH_spec:Xn
cljs$cst$keyword$cljs_DOT_spec_DOT_alpha_SLASH_unknown:tu
cljs$cst$keyword$cljs_DOT_spec_DOT_alpha_SLASH_v:sp
cljs$cst$keyword$cljs_DOT_spec_DOT_alpha_SLASH_value:vr
cljs$cst$keyword$colnum:wt
cljs$cst$keyword$colon_DASH_up_DASH_arrow:js
cljs$cst$keyword$column:Xt
cljs$cst$keyword$columns:Sl
cljs$cst$keyword$com_DOT_fulcrologic_DOT_fulcro_DOT_algorithm_SLASH_abort_BANG_:Al
cljs$cst$keyword$com_DOT_fulcrologic_DOT_fulcro_DOT_algorithm_SLASH_default_DASH_result_DASH_action_BANG_:pm
cljs$cst$keyword$com_DOT_fulcrologic_DOT_fulcro_DOT_algorithm_SLASH_drop_DASH_component_BANG_:Is
cljs$cst$keyword$com_DOT_fulcrologic_DOT_fulcro_DOT_algorithm_SLASH_global_DASH_eql_DASH_transform:Vp
cljs$cst$keyword$com_DOT_fulcrologic_DOT_fulcro_DOT_algorithm_SLASH_global_DASH_error_DASH_action:Ds
cljs$cst$keyword$com_DOT_fulcrologic_DOT_fulcro_DOT_algorithm_SLASH_index_DASH_component_BANG_:rl
cljs$cst$keyword$com_DOT_fulcrologic_DOT_fulcro_DOT_algorithm_SLASH_index_DASH_root_BANG_:fp
cljs$cst$keyword$com_DOT_fulcrologic_DOT_fulcro_DOT_algorithm_SLASH_initialize_DASH_state_BANG_:op
cljs$cst$keyword$com_DOT_fulcrologic_DOT_fulcro_DOT_algorithm_SLASH_render_DASH_root_BANG_:To
cljs$cst$keyword$com_DOT_fulcrologic_DOT_fulcro_DOT_algorithm_SLASH_shared_DASH_fn:Eo
cljs$cst$keyword$com_DOT_fulcrologic_DOT_fulcro_DOT_algorithm_SLASH_tx_BANG_:Yn
cljs$cst$keyword$com_DOT_fulcrologic_DOT_fulcro_DOT_algorithms_DOT_data_DASH_targeting_SLASH_append_DASH_target:Lq
cljs$cst$keyword$com_DOT_fulcrologic_DOT_fulcro_DOT_algorithms_DOT_data_DASH_targeting_SLASH_replace_DASH_target:Fu
cljs$cst$keyword$com_DOT_fulcrologic_DOT_fulcro_DOT_algorithms_DOT_merge_SLASH_merge:ym
cljs$cst$keyword$com_DOT_fulcrologic_DOT_fulcro_DOT_algorithms_DOT_merge_SLASH_not_DASH_found:Mo
cljs$cst$keyword$com_DOT_fulcrologic_DOT_fulcro_DOT_algorithms_DOT_normalize_SLASH_tag:Kt
cljs$cst$keyword$com_DOT_fulcrologic_DOT_fulcro_DOT_algorithms_DOT_tx_DASH_processing_SLASH_abort_DASH_id:Gn
cljs$cst$keyword$com_DOT_fulcrologic_DOT_fulcro_DOT_algorithms_DOT_tx_DASH_processing_SLASH_aborted_QMARK_:Ft
cljs$cst$keyword$com_DOT_fulcrologic_DOT_fulcro_DOT_algorithms_DOT_tx_DASH_processing_SLASH_active_DASH_queue:mo
cljs$cst$keyword$com_DOT_fulcrologic_DOT_fulcro_DOT_algorithms_DOT_tx_DASH_processing_SLASH_active_QMARK_:pq
cljs$cst$keyword$com_DOT_fulcrologic_DOT_fulcro_DOT_algorithms_DOT_tx_DASH_processing_SLASH_after_DASH_render:Nl
cljs$cst$keyword$com_DOT_fulcrologic_DOT_fulcro_DOT_algorithms_DOT_tx_DASH_processing_SLASH_ast:xl
cljs$cst$keyword$com_DOT_fulcrologic_DOT_fulcro_DOT_algorithms_DOT_tx_DASH_processing_SLASH_created:kl
cljs$cst$keyword$com_DOT_fulcrologic_DOT_fulcro_DOT_algorithms_DOT_tx_DASH_processing_SLASH_finished:vt
cljs$cst$keyword$com_DOT_fulcrologic_DOT_fulcro_DOT_algorithms_DOT_tx_DASH_processing_SLASH_id:Mp
cljs$cst$keyword$com_DOT_fulcrologic_DOT_fulcro_DOT_algorithms_DOT_tx_DASH_processing_SLASH_options:Wm
cljs$cst$keyword$com_DOT_fulcrologic_DOT_fulcro_DOT_algorithms_DOT_tx_DASH_processing_SLASH_original_DASH_ast_DASH_node:yp
cljs$cst$keyword$com_DOT_fulcrologic_DOT_fulcro_DOT_algorithms_DOT_tx_DASH_processing_SLASH_parallel_QMARK_:Ip
cljs$cst$keyword$com_DOT_fulcrologic_DOT_fulcro_DOT_algorithms_DOT_tx_DASH_processing_SLASH_progress:Wq
cljs$cst$keyword$com_DOT_fulcrologic_DOT_fulcro_DOT_algorithms_DOT_tx_DASH_processing_SLASH_send_DASH_node:Ws
cljs$cst$keyword$com_DOT_fulcrologic_DOT_fulcro_DOT_algorithms_DOT_tx_DASH_processing_SLASH_started_QMARK_:lr
cljs$cst$keyword$com_DOT_fulcrologic_DOT_fulcro_DOT_algorithms_DOT_tx_DASH_processing_SLASH_transmitted_DASH_ast_DASH_nodes:dn
cljs$cst$keyword$com_DOT_fulcrologic_DOT_fulcro_DOT_algorithms_DOT_tx_DASH_processing_SLASH_tx_DASH_node:Sr
cljs$cst$keyword$com_DOT_fulcrologic_DOT_fulcro_DOT_application_SLASH_active_DASH_remotes:Mr
cljs$cst$keyword$com_DOT_fulcrologic_DOT_fulcro_DOT_application_SLASH_app_DASH_root:kr
cljs$cst$keyword$com_DOT_fulcrologic_DOT_fulcro_DOT_application_SLASH_class_DASH__GT_components:Zp
cljs$cst$keyword$com_DOT_fulcrologic_DOT_fulcro_DOT_application_SLASH_ident_DASH__GT_components:ft
cljs$cst$keyword$com_DOT_fulcrologic_DOT_fulcro_DOT_application_SLASH_last_DASH_rendered_DASH_state:Iu
cljs$cst$keyword$com_DOT_fulcrologic_DOT_fulcro_DOT_application_SLASH_mount_DASH_node:Np
cljs$cst$keyword$com_DOT_fulcrologic_DOT_fulcro_DOT_application_SLASH_only_DASH_refresh:Gp
cljs$cst$keyword$com_DOT_fulcrologic_DOT_fulcro_DOT_application_SLASH_prop_DASH__GT_classes:lu
cljs$cst$keyword$com_DOT_fulcrologic_DOT_fulcro_DOT_application_SLASH_remote_DASH_names:Zq
cljs$cst$keyword$com_DOT_fulcrologic_DOT_fulcro_DOT_application_SLASH_remotes:cn
cljs$cst$keyword$com_DOT_fulcrologic_DOT_fulcro_DOT_application_SLASH_render_DASH_scheduled_QMARK_:ar
cljs$cst$keyword$com_DOT_fulcrologic_DOT_fulcro_DOT_application_SLASH_root_DASH_factory:Vs
cljs$cst$keyword$com_DOT_fulcrologic_DOT_fulcro_DOT_application_SLASH_runtime_DASH_state:Ap
cljs$cst$keyword$com_DOT_fulcrologic_DOT_fulcro_DOT_application_SLASH_state_DASH_atom:ql
cljs$cst$keyword$com_DOT_fulcrologic_DOT_fulcro_DOT_application_SLASH_static_DASH_shared_DASH_props:at
cljs$cst$keyword$com_DOT_fulcrologic_DOT_fulcro_DOT_dom_DOT_inputs_SLASH_KeywordInput:tm
cljs$cst$keyword$com_DOT_fulcrologic_DOT_fulcro_DOT_inspect_DOT_inspect_DASH_client_SLASH_history:En
cljs$cst$keyword$com_DOT_fulcrologic_DOT_fulcro_DOT_mutations_SLASH_env:gt
cljs$cst$keyword$com_DOT_fulcrologic_DOT_fulcro_DOT_mutations_SLASH_mutation_DASH_error:zt
cljs$cst$keyword$com_DOT_fulcrologic_DOT_fulcro_DOT_rendering_DOT_multiple_DASH_roots_DASH_renderer_SLASH_known_DASH_roots:sr
cljs$cst$keyword$com_DOT_fulcrologic_DOT_fulcro_DOT_transactions_SLASH_active_DASH_queue:Xo
cljs$cst$keyword$com_DOT_fulcrologic_DOT_fulcro_DOT_transactions_SLASH_send_DASH_queues:ns
cljs$cst$keyword$com_DOT_fulcrologic_DOT_fulcro_DOT_transactions_SLASH_submission_DASH_queue:Vq
cljs$cst$keyword$commachar:$p
cljs$cst$keyword$component:Bp
cljs$cst$keyword$componentDidCatch:Rm
cljs$cst$keyword$componentDidMount:Nn
cljs$cst$keyword$componentWillReceiveProps:Nq
cljs$cst$keyword$componentWillUnmount:Fr
cljs$cst$keyword$componentWillUpdate:dt
cljs$cst$keyword$component_DASH_key:Bq
cljs$cst$keyword$compound:gs
cljs$cst$keyword$config:yu
cljs$cst$keyword$conj:tn
cljs$cst$keyword$console:Qt
cljs$cst$keyword$contains:Cs
cljs$cst$keyword$core_DASH_render_BANG_:ep
cljs$cst$keyword$correct_DASH_key:wo
cljs$cst$keyword$count:Ss
cljs$cst$keyword$cur:jp
cljs$cst$keyword$current_DASH_normalized:Jr
cljs$cst$keyword$cyan:fs
cljs$cst$keyword$d:xr
cljs$cst$keyword$data_DASH_tree:Lm
cljs$cst$keyword$deny:Zn
cljs$cst$keyword$depth:qn
cljs$cst$keyword$descendants:Ok
cljs$cst$keyword$directive:Im
cljs$cst$keyword$disable_DASH_client_DASH_did_DASH_mount_QMARK_:yt
cljs$cst$keyword$dispatch:ct
cljs$cst$keyword$dispatch_DASH_key:gn
cljs$cst$keyword$doc:xs
cljs$cst$keyword$drop_DASH_component_BANG_:Un
cljs$cst$keyword$dup:Ob
cljs$cst$keyword$dynamic:Ks
cljs$cst$keyword$e:wr
cljs$cst$keyword$edn_DASH_query_DASH_language_DOT_ast_SLASH_children:wm
cljs$cst$keyword$edn_DASH_query_DASH_language_DOT_ast_SLASH_key:us
cljs$cst$keyword$edn_DASH_query_DASH_language_DOT_ast_SLASH_query:fq
cljs$cst$keyword$edn_DASH_query_DASH_language_DOT_ast_SLASH_root:ku
cljs$cst$keyword$edn_DASH_query_DASH_language_DOT_core_SLASH_ident:Zl
cljs$cst$keyword$edn_DASH_query_DASH_language_DOT_core_SLASH_join:mn
cljs$cst$keyword$edn_DASH_query_DASH_language_DOT_core_SLASH_join_DASH_key_DASH_param_DASH_expr:vm
cljs$cst$keyword$edn_DASH_query_DASH_language_DOT_core_SLASH_join_DASH_key_DASH_param_DASH_key:pp
cljs$cst$keyword$edn_DASH_query_DASH_language_DOT_core_SLASH_join_DASH_query:mp
cljs$cst$keyword$edn_DASH_query_DASH_language_DOT_core_SLASH_mutation:Nm
cljs$cst$keyword$edn_DASH_query_DASH_language_DOT_core_SLASH_mutation_DASH_join:cp
cljs$cst$keyword$edn_DASH_query_DASH_language_DOT_core_SLASH_mutation_DASH_key:Ol
cljs$cst$keyword$edn_DASH_query_DASH_language_DOT_core_SLASH_param_DASH_expr_DASH_key:Vt
cljs$cst$keyword$edn_DASH_query_DASH_language_DOT_core_SLASH_params:fr
cljs$cst$keyword$edn_DASH_query_DASH_language_DOT_core_SLASH_recursion:np
cljs$cst$keyword$end_DASH_block_DASH_t:Mu
cljs$cst$keyword$end_DASH_column:bm
cljs$cst$keyword$end_DASH_line:Dl
cljs$cst$keyword$error_DASH_level_QMARK_:bq
cljs$cst$keyword$error_DASH_message:Tp
cljs$cst$keyword$error_SLASH_invalid_DASH_join:qp
cljs$cst$keyword$exponentchar:Dm
cljs$cst$keyword$expound_DOT_alpha_SLASH_no_DASH_value_DASH_found:Rn
cljs$cst$keyword$expound_DOT_alpha_SLASH_singleton:Ys
cljs$cst$keyword$expound_DOT_printer_SLASH_opts:Du
cljs$cst$keyword$expound_DOT_printer_SLASH_show_DASH_valid_DASH_values_QMARK_:Fn
cljs$cst$keyword$expound_DOT_printer_SLASH_theme:an
cljs$cst$keyword$expound_DOT_problem_SLASH_check_DASH_fn_DASH_failure:hm
cljs$cst$keyword$expound_DOT_problem_SLASH_check_DASH_ret_DASH_failure:yl
cljs$cst$keyword$expound_DOT_problem_SLASH_extra_DASH_input:nu
cljs$cst$keyword$expound_DOT_problem_SLASH_fspec_DASH_ret_DASH_failure:$r
cljs$cst$keyword$expound_DOT_problem_SLASH_insufficient_DASH_input:wu
cljs$cst$keyword$expound_DOT_problem_SLASH_not_DASH_in_DASH_set:Ln
cljs$cst$keyword$expound_DOT_problem_SLASH_unknown:is
cljs$cst$keyword$expound_DOT_spec_DOT_problem_SLASH_via:xt
cljs$cst$keyword$expound_DOT_spec_SLASH_key_DASH_spec:Cm
cljs$cst$keyword$expound_DOT_spec_SLASH_kw_DASH_or_DASH_conjunction:Cu
cljs$cst$keyword$expound_DOT_spec_SLASH_problem:ts
cljs$cst$keyword$expound_DOT_spec_SLASH_specs:io
cljs$cst$keyword$expr:ys
cljs$cst$keyword$failure:vo
cljs$cst$keyword$fallback:vu
cljs$cst$keyword$fatal:ho
cljs$cst$keyword$fg_DASH_reset:ot
cljs$cst$keyword$figwheel_DASH_theme:hp
cljs$cst$keyword$fill:Hp
cljs$cst$keyword$flags:ls
cljs$cst$keyword$focus_DASH_key:st
cljs$cst$keyword$footer:lq
cljs$cst$keyword$forms:ip
cljs$cst$keyword$fulcro$depth:vp
cljs$cst$keyword$fulcro$isComponent:Pl
cljs$cst$keyword$fulcro$value:Sp
cljs$cst$keyword$fulcro_DOT_client_DOT_primitives_SLASH_computed:ll
cljs$cst$keyword$fulcro_DOT_history_SLASH_client_DASH_time:su
cljs$cst$keyword$fulcro_DOT_history_SLASH_db_DASH_after_DASH_id:rs
cljs$cst$keyword$fulcro_DOT_history_SLASH_db_DASH_before_DASH_id:tl
cljs$cst$keyword$fulcro_DOT_history_SLASH_tx:dq
cljs$cst$keyword$fulcro_DOT_inspect_DOT_client_SLASH_db_DASH_changed_BANG_:yo
cljs$cst$keyword$fulcro_DOT_inspect_DOT_client_SLASH_initial_DASH_state:qm
cljs$cst$keyword$fulcro_DOT_inspect_DOT_ui_DOT_network_SLASH_error:qs
cljs$cst$keyword$fulcro_DOT_inspect_DOT_ui_DOT_network_SLASH_history_DASH_id:No
cljs$cst$keyword$fulcro_DOT_inspect_DOT_ui_DOT_network_SLASH_request_DASH_started_DASH_at:tt
cljs$cst$keyword$fulcro_DOT_inspect_DOT_ui_DOT_network_SLASH_response_DASH_edn:Yr
cljs$cst$keyword$fulcro_DOT_inspect_DOT_ui_DOT_transactions_SLASH_tx_DASH_id:kn
cljs$cst$keyword$gen:oq
cljs$cst$keyword$generator_DASH_fn:cu
cljs$cst$keyword$getDerivedStateFromError:Ls
cljs$cst$keyword$getSnapshotBeforeUpdate:bn
cljs$cst$keyword$gfn:vq
cljs$cst$keyword$given:Qq
cljs$cst$keyword$global_DASH_eql_DASH_transform:Jm
cljs$cst$keyword$good:gu
cljs$cst$keyword$header:Rs
cljs$cst$keyword$hours:jq
cljs$cst$keyword$ident_DASH_ref:Rl
cljs$cst$keyword$indent_DASH_t:Kr
cljs$cst$keyword$initial_DASH_db:aq
cljs$cst$keyword$instant:Fo
cljs$cst$keyword$intra_DASH_block_DASH_nl:Vn
cljs$cst$keyword$iso8601:Po
cljs$cst$keyword$keyfn:Wp
cljs$cst$keyword$keys:Sn
cljs$cst$keyword$keys_DASH_pred:Iq
cljs$cst$keyword$keyword:Ku
cljs$cst$keyword$keyword_DASH__GT_components:Qp
cljs$cst$keyword$ks:El
cljs$cst$keyword$kw:Gl
cljs$cst$keyword$last:qr
cljs$cst$keyword$length:dm
cljs$cst$keyword$level:ol
cljs$cst$keyword$line:sl
cljs$cst$keyword$linear:Fq
cljs$cst$keyword$linked_DASH_props:mt
cljs$cst$keyword$list:Ut
cljs$cst$keyword$load_DASH_marker_DASH_default:Qr
cljs$cst$keyword$load_DASH_params:dp
cljs$cst$keyword$location:Yq
cljs$cst$keyword$logical_DASH_block_DASH_callback:eu
cljs$cst$keyword$magenta:em
cljs$cst$keyword$mandatory:am
cljs$cst$keyword$map:Fs
cljs$cst$keyword$map_DASH_rows:Us
cljs$cst$keyword$marker:Fm
cljs$cst$keyword$max:Ps
cljs$cst$keyword$max_DASH_columns:Ns
cljs$cst$keyword$max_DASH_count:Ou
cljs$cst$keyword$max_DASH_elements:no
cljs$cst$keyword$max_DASH_iterations:uu
cljs$cst$keyword$meta:Nb
cljs$cst$keyword$middleware:Nr
cljs$cst$keyword$min:Wt
cljs$cst$keyword$min_DASH_count:pr
cljs$cst$keyword$min_DASH_elements:Tq
cljs$cst$keyword$min_DASH_level:Rt
cljs$cst$keyword$min_DASH_remaining:Xp
cljs$cst$keyword$mincol:ou
cljs$cst$keyword$minpad:Mq
cljs$cst$keyword$mins:Aq
cljs$cst$keyword$mode:Ms
cljs$cst$keyword$msecs:Eu
cljs$cst$keyword$mutation_DASH_ast:Am
cljs$cst$keyword$mutation_DASH_join:Zm
cljs$cst$keyword$n:Gr
cljs$cst$keyword$name:ht
cljs$cst$keyword$nil:Zo
cljs$cst$keyword$no_DASH_stacktrace_QMARK_:Pn
cljs$cst$keyword$node:Tn
cljs$cst$keyword$none:An
cljs$cst$keyword$not_DASH_delivered:lm
cljs$cst$keyword$ns:il
cljs$cst$keyword$ns_DASH_blacklist:nn
cljs$cst$keyword$ns_DASH_filter:Xr
cljs$cst$keyword$num_DASH_elements:Jq
cljs$cst$keyword$offset:Yp
cljs$cst$keyword$ok_DASH_action:qo
cljs$cst$keyword$oldPropValue:rr
cljs$cst$keyword$onBlur:$n
cljs$cst$keyword$only_DASH_refresh:qu
cljs$cst$keyword$opt_DASH_keys:Ot
cljs$cst$keyword$opt_DASH_un:xm
cljs$cst$keyword$optimistic_QMARK_:mu
cljs$cst$keyword$optimized_DASH_render_BANG_:go
cljs$cst$keyword$opts:km
cljs$cst$keyword$output_DASH_fn:up
cljs$cst$keyword$p:Er
cljs$cst$keyword$p2:nl
cljs$cst$keyword$padchar:Vo
cljs$cst$keyword$params:Rp
cljs$cst$keyword$pattern:It
cljs$cst$keyword$per_DASH_line_DASH_prefix:wl
cljs$cst$keyword$pointer:ut
cljs$cst$keyword$pred:qt
cljs$cst$keyword$pred_DASH_exprs:ir
cljs$cst$keyword$pred_DASH_forms:hq
cljs$cst$keyword$prepend:rp
cljs$cst$keyword$preserve_DASH_dynamic_DASH_query_QMARK_:Js
cljs$cst$keyword$print_DASH_length:Pb
cljs$cst$keyword$print_DASH_specs_QMARK_:oo
cljs$cst$keyword$println:Sq
cljs$cst$keyword$problem:Ro
cljs$cst$keyword$problems:Vr
cljs$cst$keyword$progress:mq
cljs$cst$keyword$progress_DASH_action:Wr
cljs$cst$keyword$prop_DASH__GT_classes:Ir
cljs$cst$keyword$props:Gs
cljs$cst$keyword$props_DASH_middleware:kp
cljs$cst$keyword$ps:jm
cljs$cst$keyword$qualifier:ws
cljs$cst$keyword$query_DASH_root:Bm
cljs$cst$keyword$queue:jt
cljs$cst$keyword$radix:Kp
cljs$cst$keyword$rate_DASH_limit:ko
cljs$cst$keyword$react_DASH_key:sq
cljs$cst$keyword$readably:Mb
cljs$cst$keyword$reader:hr
cljs$cst$keyword$ready:Ek
cljs$cst$keyword$ref:Pr
cljs$cst$keyword$refresh:Zr
cljs$cst$keyword$remotes:vl
cljs$cst$keyword$render_DASH_middleware:Xs
cljs$cst$keyword$render_DASH_root_BANG_:Ql
cljs$cst$keyword$report:Ll
cljs$cst$keyword$req_DASH_keys:du
cljs$cst$keyword$req_DASH_specs:bs
cljs$cst$keyword$req_DASH_un:gp
cljs$cst$keyword$result:Ur
cljs$cst$keyword$right_DASH_bracket:Jo
cljs$cst$keyword$rl_SLASH_all:Dp
cljs$cst$keyword$root_DASH_props_DASH_changed_QMARK_:uo
cljs$cst$keyword$s:Cr
cljs$cst$keyword$schedule_DASH_render_BANG_:bu
cljs$cst$keyword$secs:So
cljs$cst$keyword$selector:rt
cljs$cst$keyword$set:Om
cljs$cst$keyword$shouldComponentUpdate:xu
cljs$cst$keyword$skip_DASH_location_QMARK_:ps
cljs$cst$keyword$spec:Cl
cljs$cst$keyword$spec_DASH_name:Do
cljs$cst$keyword$specs:qq
cljs$cst$keyword$splice:bt
cljs$cst$keyword$spying_QMARK_:iu
cljs$cst$keyword$stacktrace_DASH_fonts:lt
cljs$cst$keyword$start_DASH_col:xo
cljs$cst$keyword$start_DASH_pos:fn
cljs$cst$keyword$state_DASH_before_DASH_action:wp
cljs$cst$keyword$strable:Dr
cljs$cst$keyword$stream:Au
cljs$cst$keyword$stringValue:yq
cljs$cst$keyword$string_DASH_filter:ao
cljs$cst$keyword$submit_DASH_transaction_BANG_:Hm
cljs$cst$keyword$suffix:Dt
cljs$cst$keyword$suppress_DASH_namespaces:Ao
cljs$cst$keyword$synchronous_QMARK_:Xq
cljs$cst$keyword$target:$l
cljs$cst$keyword$tempid_DASH__GT_realid:en
cljs$cst$keyword$tempids:Nu
cljs$cst$keyword$test:Kq
cljs$cst$keyword$trailing_DASH_white_DASH_space:Ym
cljs$cst$keyword$transaction:Wo
cljs$cst$keyword$transmitted_DASH_ast:Yt
cljs$cst$keyword$tx:Em
cljs$cst$keyword$tx_DASH_id:cs
cljs$cst$keyword$type:zn
cljs$cst$keyword$ui_DOT_fulcro_DOT_client_DOT_data_DASH_fetch_DOT_load_DASH_markers_SLASH_by_DASH_id:Tl
cljs$cst$keyword$underline:Yo
cljs$cst$keyword$union:Pt
cljs$cst$keyword$union_DASH_entry:zp
cljs$cst$keyword$union_DASH_key:Lp
cljs$cst$keyword$unmount_DASH_root_BANG_:Et
cljs$cst$keyword$up_DASH_arrow:Zt
cljs$cst$keyword$val:Bk
cljs$cst$keyword$value:Rr
cljs$cst$keyword$value_DASH_str_DASH_fn:gm
cljs$cst$keyword$vargs_:sm
cljs$cst$keyword$vector:as
cljs$cst$keyword$version:Jl
cljs$cst$keyword$w:zr
cljs$cst$keyword$weeks:ju
cljs$cst$keyword$writers:bp
cljs$cst$keyword$x:Ar
cljs$cst$symbol$_DOT_:Zs
cljs$cst$symbol$_STAR_:ks
cljs$cst$symbol$_STAR_runtime_DASH_asserts_STAR_:On
cljs$cst$symbol$and:Uq
cljs$cst$symbol$cljs_DOT_core:ml
cljs$cst$symbol$cljs_DOT_core_SLASH__DASH__GT_:zm
cljs$cst$symbol$cljs_DOT_core_SLASH__LT__EQ_:cq
cljs$cst$symbol$cljs_DOT_core_SLASH_boolean_QMARK_:As
cljs$cst$symbol$cljs_DOT_core_SLASH_coll_QMARK_:zl
cljs$cst$symbol$cljs_DOT_core_SLASH_deref:Vl
cljs$cst$symbol$cljs_DOT_core_SLASH_every_QMARK_:Um
cljs$cst$symbol$cljs_DOT_core_SLASH_fn_QMARK_:Mt
cljs$cst$symbol$cljs_DOT_core_SLASH_ifn_QMARK_:Jp
cljs$cst$symbol$cljs_DOT_core_SLASH_inst_QMARK_:sn
cljs$cst$symbol$cljs_DOT_core_SLASH_int_QMARK_:Io
cljs$cst$symbol$cljs_DOT_core_SLASH_keyword_QMARK_:Kn
cljs$cst$symbol$cljs_DOT_core_SLASH_last:zq
cljs$cst$symbol$cljs_DOT_core_SLASH_lift_DASH_ns:ur
cljs$cst$symbol$cljs_DOT_core_SLASH_nil_QMARK_:fu
cljs$cst$symbol$cljs_DOT_core_SLASH_or:Pm
cljs$cst$symbol$cljs_DOT_core_SLASH_sequential_QMARK_:xp
cljs$cst$symbol$cljs_DOT_core_SLASH_set:Hn
cljs$cst$symbol$cljs_DOT_core_SLASH_symbol_QMARK_:zs
cljs$cst$symbol$cljs_DOT_core_SLASH_unquote:rm
cljs$cst$symbol$cljs_DOT_spec_DOT_alpha:Qs
cljs$cst$symbol$cljs_DOT_spec_DOT_alpha_SLASH__AMPERSAND_:Hl
cljs$cst$symbol$cljs_DOT_spec_DOT_alpha_SLASH__PLUS_:au
cljs$cst$symbol$cljs_DOT_spec_DOT_alpha_SLASH__QMARK_:hu
cljs$cst$symbol$cljs_DOT_spec_DOT_alpha_SLASH_coll_DASH_of:eo
cljs$cst$symbol$cljs_DOT_spec_DOT_alpha_SLASH_conformer:os
cljs$cst$symbol$cljs_DOT_spec_DOT_alpha_SLASH_every:ds
cljs$cst$symbol$cljs_DOT_spec_DOT_alpha_SLASH_keys:Pq
cljs$cst$symbol$cljs_DOT_spec_DOT_alpha_SLASH_keys_STAR_:Co
cljs$cst$symbol$cljs_DOT_spec_DOT_alpha_SLASH_map_DASH_of:Jt
cljs$cst$symbol$cljs_DOT_spec_DOT_alpha_SLASH_multi_DASH_spec:cm
cljs$cst$symbol$cljs_DOT_spec_DOT_alpha_SLASH_nilable:Gu
cljs$cst$symbol$clojure_DOT_core_SLASH_deref:Uo
cljs$cst$symbol$clojure_DOT_core_SLASH_unquote:es
cljs$cst$symbol$clojure_DOT_test_DOT_check_DOT_generators_SLASH_boolean:zu
cljs$cst$symbol$clojure_DOT_test_DOT_check_DOT_generators_SLASH_choose:dr
cljs$cst$symbol$clojure_DOT_test_DOT_check_DOT_generators_SLASH_double:yn
cljs$cst$symbol$clojure_DOT_test_DOT_check_DOT_generators_SLASH_elements:Lo
cljs$cst$symbol$clojure_DOT_test_DOT_check_DOT_generators_SLASH_fmap:Go
cljs$cst$symbol$clojure_DOT_test_DOT_check_DOT_generators_SLASH_frequency:Up
cljs$cst$symbol$clojure_DOT_test_DOT_check_DOT_generators_SLASH_hash_DASH_map:Hr
cljs$cst$symbol$clojure_DOT_test_DOT_check_DOT_generators_SLASH_keyword:wq
cljs$cst$symbol$clojure_DOT_test_DOT_check_DOT_generators_SLASH_list:jl
cljs$cst$symbol$clojure_DOT_test_DOT_check_DOT_generators_SLASH_map:nr
cljs$cst$symbol$clojure_DOT_test_DOT_check_DOT_generators_SLASH_return:Km
cljs$cst$symbol$clojure_DOT_test_DOT_check_DOT_generators_SLASH_shuffle:Sm
cljs$cst$symbol$clojure_DOT_test_DOT_check_DOT_generators_SLASH_string_DASH_alphanumeric:mm
cljs$cst$symbol$clojure_DOT_test_DOT_check_DOT_generators_SLASH_uuid:ap
cljs$cst$symbol$clojure_DOT_test_DOT_check_DOT_generators_SLASH_vector:ro
cljs$cst$symbol$clojure_DOT_test_DOT_check_DOT_generators_SLASH_vector_DASH_distinct:it
cljs$cst$symbol$clojure_DOT_test_DOT_check_DOT_properties_SLASH_for_DASH_all_STAR_:Lu
cljs$cst$symbol$com_DOT_fulcrologic_DOT_fulcro_DOT_algorithms_DOT_do_DASH_not_DASH_use_SLASH_atom_QMARK_:Oq
cljs$cst$symbol$com_DOT_fulcrologic_DOT_fulcro_DOT_algorithms_DOT_indexing_SLASH_reindex:br
cljs$cst$symbol$com_DOT_fulcrologic_DOT_fulcro_DOT_components_SLASH_component_DASH_class_QMARK_:ss
cljs$cst$symbol$com_DOT_fulcrologic_DOT_fulcro_DOT_data_DASH_fetch_SLASH_internal_DASH_load_BANG_:iq
cljs$cst$symbol$com_DOT_fulcrologic_DOT_fulcro_DOT_mutations_SLASH_set_DASH_props:jo
cljs$cst$symbol$cond:Es
cljs$cst$symbol$condp:ru
cljs$cst$symbol$def:lp
cljs$cst$symbol$defmacro:Hu
cljs$cst$symbol$defn_DASH_:Ht
cljs$cst$symbol$deftype_STAR_:Bu
cljs$cst$symbol$do:Hq
cljs$cst$symbol$doseq:ms
cljs$cst$symbol$edn_DASH_query_DASH_language_DOT_core:Tm
cljs$cst$symbol$edn_DASH_query_DASH_language_DOT_core_SLASH_ast_DASH__GT_query:Ho
cljs$cst$symbol$edn_DASH_query_DASH_language_DOT_core_SLASH_focus_DASH_subquery:Ml
cljs$cst$symbol$edn_DASH_query_DASH_language_DOT_core_SLASH_merge_DASH_asts:fo
cljs$cst$symbol$edn_DASH_query_DASH_language_DOT_core_SLASH_node_DASH_type:kq
cljs$cst$symbol$edn_DASH_query_DASH_language_DOT_core_SLASH_query_DASH__GT_ast:Gq
cljs$cst$symbol$edn_DASH_query_DASH_language_DOT_core_SLASH_transduce_DASH_children:om
cljs$cst$symbol$edn_DASH_query_DASH_language_DOT_core_SLASH_union_DASH_children_QMARK_:Mm
cljs$cst$symbol$edn_DASH_query_DASH_language_DOT_core_SLASH_update_DASH_property_DASH_param:Fp
cljs$cst$symbol$expound_DOT_alpha_SLASH_custom_DASH_printer:fm
cljs$cst$symbol$expound_DOT_alpha_SLASH_error_DASH_message:jn
cljs$cst$symbol$expound_DOT_alpha_SLASH_explain_DASH_results:$t
cljs$cst$symbol$expound_DOT_alpha_SLASH_expound:uq
cljs$cst$symbol$expound_DOT_printer_SLASH_no_DASH_trailing_DASH_whitespace:Hs
cljs$cst$symbol$expound_DOT_printer_SLASH_pprint_DASH_str:Wn
cljs$cst$symbol$expound_DOT_printer_SLASH_print_DASH_table:Eq
cljs$cst$symbol$expound_DOT_printer_SLASH_summary_DASH_form:Dq
cljs$cst$symbol$fn:Br
cljs$cst$symbol$fulcro_DOT_inspect_DOT_ui_DOT_network_SLASH_request_DASH_finish:Pp
cljs$cst$symbol$if:jr
cljs$cst$symbol$if_DASH_let:pu
cljs$cst$symbol$keyword_QMARK_:$m
cljs$cst$symbol$let:cr
cljs$cst$symbol$let_STAR_:hn
cljs$cst$symbol$lift_DASH_ns:Lr
cljs$cst$symbol$locking:Gm
cljs$cst$symbol$loop:nt
cljs$cst$symbol$loop_STAR_:or
cljs$cst$symbol$method:tq
cljs$cst$symbol$nil_QMARK_:po
cljs$cst$symbol$node_DASH_type:Wl
cljs$cst$symbol$ns:Tr
cljs$cst$symbol$ns_STAR_:ul
cljs$cst$symbol$or:so
cljs$cst$symbol$p1__53418_SHARP_:Bn
cljs$cst$symbol$p1__53419_SHARP_:gr
cljs$cst$symbol$quote:tr
cljs$cst$symbol$recur:xn
cljs$cst$symbol$s_SLASH_or:er
cljs$cst$symbol$set_BANG_:Bo
cljs$cst$symbol$set_QMARK_:Vm
cljs$cst$symbol$struct:rq
cljs$cst$symbol$throw:$q
cljs$cst$symbol$v:Dn
cljs$cst$symbol$var:vs
cljs$cst$symbol$when:co
cljs$cst$symbol$when_DASH_first:on
cljs$cst$symbol$with_DASH_local_DASH_vars:Rq
cljs$cst$symbol$with_DASH_open:im
cljs$pprint:SB
cljs$pprint$_STAR_code_table_STAR_:bF
cljs$pprint$_STAR_current_length_STAR_:WC
cljs$pprint$_STAR_current_level_STAR_:VC
cljs$pprint$_STAR_format_str_STAR_:iD
cljs$pprint$_STAR_print_base_STAR_:UC
cljs$pprint$_STAR_print_circle_STAR_:RC
cljs$pprint$_STAR_print_lines_STAR_:QC
cljs$pprint$_STAR_print_miser_width_STAR_:LC
cljs$pprint$_STAR_print_pprint_dispatch_STAR_:PC
cljs$pprint$_STAR_print_pretty_STAR_:OC
cljs$pprint$_STAR_print_radix_STAR_:TC
cljs$pprint$_STAR_print_right_margin_STAR_:KC
cljs$pprint$_STAR_print_suppress_namespaces_STAR_:SC
cljs$pprint$_STAR_symbol_map_STAR_:aF
cljs$pprint$_ppflush:gC
cljs$pprint$abort_QMARK_:MD
cljs$pprint$absolute_reposition:nD
cljs$pprint$add_english_scales:ED
cljs$pprint$add_to_buffer:GC
cljs$pprint$ancestor_QMARK_:mC
cljs$pprint$arg_navigator:kD
cljs$pprint$base_str:uD
cljs$pprint$boolean_conditional:XD
cljs$pprint$brackets:RE
cljs$pprint$buffer_blob:nC
cljs$pprint$c_write_char:jC
cljs$pprint$cached_compile:BE
cljs$pprint$capitalize_string:hE
cljs$pprint$capitalize_word_writer:iE
cljs$pprint$char_code:bC
cljs$pprint$check_arg_conditional:YD
cljs$pprint$check_enumerated_arg:$C
cljs$pprint$check_flags:tE
cljs$pprint$choice_conditional:WD
cljs$pprint$cl_format$cljs$0core$0IFn$0_invoke$0arity$0variadic:dD
cljs$pprint$code_dispatch:cF
cljs$pprint$collect_clauses:yE
cljs$pprint$column_writer$cljs$0core$0IFn$0_invoke$0arity$02:kC
cljs$pprint$compile_directive:vE
cljs$pprint$compile_format:eD
cljs$pprint$compile_raw_string:wE
cljs$pprint$compiled_directive:pD
cljs$pprint$conditional_newline:lE
cljs$pprint$consume:dC
cljs$pprint$directive_table:mE
cljs$pprint$dollar_float:VD
cljs$pprint$downcase_writer:fE
cljs$pprint$emit_nl:vC
cljs$pprint$emit_nl_QMARK_:AC
cljs$pprint$end_block:NC
cljs$pprint$end_block_t:sC
cljs$pprint$english_cardinal_tens:AD
cljs$pprint$english_cardinal_units:yD
cljs$pprint$english_ordinal_tens:BD
cljs$pprint$english_ordinal_units:zD
cljs$pprint$english_scale_numbers:CD
cljs$pprint$execute_format$cljs$0core$0IFn$0_invoke$0arity$02:hD
cljs$pprint$execute_sub_format:ND
cljs$pprint$exponential_float:TD
cljs$pprint$extract_flags:sE
cljs$pprint$extract_param:pE
cljs$pprint$fixed_float:SD
cljs$pprint$flag_defs:rE
cljs$pprint$float_parts:OD
cljs$pprint$format_ascii:tD
cljs$pprint$format_error:jD
cljs$pprint$format_integer:xD
cljs$pprint$format_roman:HD
cljs$pprint$format_simple_cardinal:DD
cljs$pprint$general_float:UD
cljs$pprint$get_field:hC
cljs$pprint$get_fixed:QD
cljs$pprint$get_format_arg:mD
cljs$pprint$get_section:BC
cljs$pprint$get_sub_section:CC
cljs$pprint$group_by_STAR_:wD
cljs$pprint$indent_t:tC
cljs$pprint$init_cap_writer:jE
cljs$pprint$init_navigator:fD
cljs$pprint$insert_scaled_decimal:RD
cljs$pprint$iterate_list_of_sublists:$D
cljs$pprint$iterate_main_list:aE
cljs$pprint$iterate_main_sublists:bE
cljs$pprint$iterate_sublist:ZD
cljs$pprint$justify_clauses:dE
cljs$pprint$level_exceeded:aD
cljs$pprint$linear_nl_QMARK_:yC
cljs$pprint$logical_block:lC
cljs$pprint$logical_block_or_justify:cE
cljs$pprint$make_buffer_blob:oC
cljs$pprint$map_params:uE
cljs$pprint$map_passing_context:cC
cljs$pprint$miser_nl_QMARK_:zC
cljs$pprint$multi_defn:VE
cljs$pprint$needs_pretty:gD
cljs$pprint$new_roman_table:GD
cljs$pprint$next_arg:lD
cljs$pprint$nl_t:pC
cljs$pprint$nl_t_QMARK_:qC
cljs$pprint$old_roman_table:FD
cljs$pprint$param_pattern:nE
cljs$pprint$plain_character:LD
cljs$pprint$pprint_binding_form:YE
cljs$pprint$pprint_defn:WE
cljs$pprint$pprint_hold_first:TE
cljs$pprint$pprint_if:$E
cljs$pprint$pprint_indent:cD
cljs$pprint$pprint_let:ZE
cljs$pprint$pprint_map:FE
cljs$pprint$pprint_newline:bD
cljs$pprint$pprint_ns_reference:SE
cljs$pprint$pprint_pqueue:JE
cljs$pprint$pprint_reader_macro:DE
cljs$pprint$pprint_set:HE
cljs$pprint$pprint_simple_code_list:XE
cljs$pprint$pprint_simple_default:GE
cljs$pprint$pprint_vector:EE
cljs$pprint$pr:$B
cljs$pprint$pretty_character:JD
cljs$pprint$pretty_writer:JC
cljs$pprint$pretty_writer_QMARK_:XC
cljs$pprint$print:ZB
cljs$pprint$prn:aC
cljs$pprint$process_bracket:xE
cljs$pprint$process_clause:zE
cljs$pprint$process_nesting:AE
cljs$pprint$readable_character:KD
cljs$pprint$reader_macros:CE
cljs$pprint$realize_parameter:qD
cljs$pprint$realize_parameter_list:rD
cljs$pprint$relative_reposition:oD
cljs$pprint$remainders:vD
cljs$pprint$render_clauses:eE
cljs$pprint$round_str:PD
cljs$pprint$set_field:iC
cljs$pprint$set_indent:kE
cljs$pprint$simple_dispatch:LE
cljs$pprint$single_defn:UE
cljs$pprint$special_chars:ID
cljs$pprint$special_params:oE
cljs$pprint$special_radix_markers:sD
cljs$pprint$split_at_newline:DC
cljs$pprint$start_block:MC
cljs$pprint$start_block_t:rC
cljs$pprint$t_cljs$0pprint55022:TB
cljs$pprint$t_cljs$0pprint55723:UB
cljs$pprint$t_cljs$0pprint56670:VB
cljs$pprint$t_cljs$0pprint56726:WB
cljs$pprint$t_cljs$0pprint56759:XB
cljs$pprint$t_cljs$0pprint56826:YB
cljs$pprint$tokens_fit_QMARK_:xC
cljs$pprint$translate_param:qE
cljs$pprint$tuple_map:fC
cljs$pprint$type_dispatcher:KE
cljs$pprint$type_map:IE
cljs$pprint$unzip_map:eC
cljs$pprint$upcase_writer:gE
cljs$pprint$write:ZC
cljs$pprint$write_initial_lines:IC
cljs$pprint$write_line:FC
cljs$pprint$write_out:YC
cljs$pprint$write_token:uC
cljs$pprint$write_token_string:EC
cljs$pprint$write_tokens:wC
cljs$pprint$write_white_space:HC
cljs$reader$check:zv
cljs$reader$days_in_month:wv
cljs$reader$parse_and_validate_timestamp:Av
cljs$reader$parse_int:yv
cljs$reader$timestamp_regex:xv
cljs$spec:Rw
cljs$spec$alpha:iy
cljs$spec$alpha$Specize$specize_STAR_$dyn_53437:Ky
cljs$spec$alpha$abbrev:Qy
cljs$spec$alpha$accept:tz
cljs$spec$alpha$accept_QMARK_:uz
cljs$spec$alpha$accept_nil_QMARK_:Dz
cljs$spec$alpha$add_ret:Fz
cljs$spec$alpha$alt2:Bz
cljs$spec$alpha$alt_STAR_:Az
cljs$spec$alpha$and_preds:nz
cljs$spec$alpha$and_spec_impl:pz
cljs$spec$alpha$assert_STAR_:Oz
cljs$spec$alpha$cat_impl:wz
cljs$spec$alpha$coll_prob:qz
cljs$spec$alpha$conform:Oy
cljs$spec$alpha$conform_STAR_:ty
cljs$spec$alpha$def_impl:Xy
cljs$spec$alpha$deriv:Gz
cljs$spec$alpha$describe_STAR_:xy
cljs$spec$alpha$dt$cljs$0core$0IFn$0_invoke$0arity$04:az
cljs$spec$alpha$empty_coll:rz
cljs$spec$alpha$every_impl$cljs$0core$0IFn$0_invoke$0arity$04:sz
cljs$spec$alpha$explain_1:dz
cljs$spec$alpha$explain_STAR_:uy
cljs$spec$alpha$explain_data_STAR_:Sy
cljs$spec$alpha$explain_pred_list:oz
cljs$spec$alpha$explain_printer:Ty
cljs$spec$alpha$filter_alt:zz
cljs$spec$alpha$fn_sym:Iy
cljs$spec$alpha$form:Py
cljs$spec$alpha$fspec_impl:Mz
cljs$spec$alpha$gen$cljs$0core$0IFn$0_invoke$0arity$02:Wy
cljs$spec$alpha$gen_STAR_:vy
cljs$spec$alpha$gensub:Uy
cljs$spec$alpha$get_spec:Yy
cljs$spec$alpha$inck:$y
cljs$spec$alpha$invalid_QMARK_:Ny
cljs$spec$alpha$k_gen:ez
cljs$spec$alpha$map_spec_impl:gz
cljs$spec$alpha$maybe_impl:Cz
cljs$spec$alpha$maybe_spec:Fy
cljs$spec$alpha$multi_spec_impl$cljs$0core$0IFn$0_invoke$0arity$04:iz
cljs$spec$alpha$nilable_impl:Nz
cljs$spec$alpha$op_describe:Hz
cljs$spec$alpha$op_explain:Iz
cljs$spec$alpha$or_k_gen$cljs$0core$0IFn$0_invoke$0arity$02:fz
cljs$spec$alpha$or_spec_impl:mz
cljs$spec$alpha$pcat_STAR_:vz
cljs$spec$alpha$preturn:Ez
cljs$spec$alpha$pvalid_QMARK_$cljs$0core$0IFn$0_invoke$0arity$02:cz
cljs$spec$alpha$re_conform:Kz
cljs$spec$alpha$re_gen:Jz
cljs$spec$alpha$recur_limit_QMARK_:Zy
cljs$spec$alpha$reg_resolve:zy
cljs$spec$alpha$reg_resolve_BANG_:Ay
cljs$spec$alpha$regex_QMARK_:Cy
cljs$spec$alpha$regex_spec_impl:Gy
cljs$spec$alpha$registry_ref:yy
cljs$spec$alpha$rep_PLUS_impl:yz
cljs$spec$alpha$rep_STAR_:xz
cljs$spec$alpha$spec_QMARK_:By
cljs$spec$alpha$spec_impl$cljs$0core$0IFn$0_invoke$0arity$04:Ly
cljs$spec$alpha$spec_impl$cljs$0core$0IFn$0_invoke$0arity$05:hz
cljs$spec$alpha$spec_name:Ey
cljs$spec$alpha$specize:My
cljs$spec$alpha$specize_STAR_:Jy
cljs$spec$alpha$t_cljs$0spec$0alpha52554:jy
cljs$spec$alpha$t_cljs$0spec$0alpha52646:ky
cljs$spec$alpha$t_cljs$0spec$0alpha52700:ly
cljs$spec$alpha$t_cljs$0spec$0alpha52750:my
cljs$spec$alpha$t_cljs$0spec$0alpha52809:ny
cljs$spec$alpha$t_cljs$0spec$0alpha52861:oy
cljs$spec$alpha$t_cljs$0spec$0alpha52995:py
cljs$spec$alpha$t_cljs$0spec$0alpha53290:qy
cljs$spec$alpha$t_cljs$0spec$0alpha53310:ry
cljs$spec$alpha$t_cljs$0spec$0alpha53375:sy
cljs$spec$alpha$tagged_ret:lz
cljs$spec$alpha$the_spec:Hy
cljs$spec$alpha$tuple_impl$cljs$0core$0IFn$0_invoke$0arity$02:jz
cljs$spec$alpha$tuple_impl$cljs$0core$0IFn$0_invoke$0arity$03:kz
cljs$spec$alpha$valid_QMARK_$cljs$0core$0IFn$0_invoke$0arity$02:Vy
cljs$spec$alpha$validate_fn:Lz
cljs$spec$alpha$with_gen:Ry
cljs$spec$alpha$with_gen_STAR_:wy
cljs$spec$alpha$with_name:Dy
cljs$spec$gen$alpha$LazyVar:Sw
cljs$spec$gen$alpha$any_printable:Jx
cljs$spec$gen$alpha$bind$cljs$0core$0IFn$0_invoke$0arity$0variadic:rx
cljs$spec$gen$alpha$boolean$0:Lx
cljs$spec$gen$alpha$cat:fy
cljs$spec$gen$alpha$char$0:Nx
cljs$spec$gen$alpha$choose$cljs$0core$0IFn$0_invoke$0arity$0variadic:tx
cljs$spec$gen$alpha$delay_impl:$w
cljs$spec$gen$alpha$double$0:Px
cljs$spec$gen$alpha$elements$cljs$0core$0IFn$0_invoke$0arity$0variadic:px
cljs$spec$gen$alpha$fmap$cljs$0core$0IFn$0_invoke$0arity$0variadic:nx
cljs$spec$gen$alpha$for_all_STAR_$cljs$0core$0IFn$0_invoke$0arity$0variadic:Ww
cljs$spec$gen$alpha$for_all_STAR__ref:Vw
cljs$spec$gen$alpha$frequency$cljs$0core$0IFn$0_invoke$0arity$0variadic:Fx
cljs$spec$gen$alpha$gen_builtins:hy
cljs$spec$gen$alpha$generator:Zw
cljs$spec$gen$alpha$hash_map:bx
cljs$spec$gen$alpha$keyword:Rx
cljs$spec$gen$alpha$keyword_ns:Tx
cljs$spec$gen$alpha$large_integer:Vx
cljs$spec$gen$alpha$large_integer_STAR_$cljs$0core$0IFn$0_invoke$0arity$0variadic:Dx
cljs$spec$gen$alpha$list$cljs$0core$0IFn$0_invoke$0arity$0variadic:dx
cljs$spec$gen$alpha$map$cljs$0core$0IFn$0_invoke$0arity$0variadic:fx
cljs$spec$gen$alpha$one_of$cljs$0core$0IFn$0_invoke$0arity$0variadic:vx
cljs$spec$gen$alpha$qualified_QMARK_:gy
cljs$spec$gen$alpha$quick_check$cljs$0core$0IFn$0_invoke$0arity$0variadic:Uw
cljs$spec$gen$alpha$quick_check_ref:Tw
cljs$spec$gen$alpha$return$0$cljs$0core$0IFn$0_invoke$0arity$0variadic:Bx
cljs$spec$gen$alpha$set$cljs$0core$0IFn$0_invoke$0arity$0variadic:hx
cljs$spec$gen$alpha$shuffle$cljs$0core$0IFn$0_invoke$0arity$0variadic:Hx
cljs$spec$gen$alpha$simple_type_printable:Xx
cljs$spec$gen$alpha$string_alphanumeric:Zx
cljs$spec$gen$alpha$such_that$cljs$0core$0IFn$0_invoke$0arity$0variadic:xx
cljs$spec$gen$alpha$symbol:ay
cljs$spec$gen$alpha$symbol_ns:cy
cljs$spec$gen$alpha$tuple:zx
cljs$spec$gen$alpha$uuid:ey
cljs$spec$gen$alpha$vector$cljs$0core$0IFn$0_invoke$0arity$0variadic:jx
cljs$spec$gen$alpha$vector_distinct$cljs$0core$0IFn$0_invoke$0arity$0variadic:lx
cljs$tools$reader$impl$inspect$inspect_STAR_:qv
cljs$tools$reader$impl$inspect$inspect_STAR__col:pv
clojure:Z
clojure$set$bubble_max_key:lv
clojure$set$difference:ov
clojure$set$intersection:nv
clojure$set$union:mv
clojure$string$join$cljs$0core$0IFn$0_invoke$0arity$02:Su
clojure$string$replace:Ru
clojure$string$replace_all:Pu
clojure$string$replace_with:Qu
clojure$string$split$cljs$0core$0IFn$0_invoke$0arity$02:Uu
clojure$string$split$cljs$0core$0IFn$0_invoke$0arity$03:Vu
clojure$string$split_with_empty_regex:Tu
clojure$walk$postwalk:Ow
clojure$walk$prewalk:Pw
clojure$walk$prewalk_replace:Qw
clojure$walk$walk:Nw
cognitect:WA
cognitect$transit:XA
cognitect$transit$t_cognitect$0transit54487:YA
cognitect$transit$write_handler$cljs$0core$0IFn$0_invoke$0arity$03:ZA
cognitect$transit$write_handler$cljs$0core$0IFn$0_invoke$0arity$04:$A
com$cognitect$transit$eq$equals:PA
com$cognitect$transit$eq$hashArrayLike:VA
com$cognitect$transit$eq$hashCode:UA
com$cognitect$transit$eq$hashCodeCounter:OA
com$cognitect$transit$eq$hashCombine:QA
com$cognitect$transit$eq$hashMapLike:TA
com$cognitect$transit$eq$stringCodeCache:RA
com$cognitect$transit$eq$stringCodeCacheSize:SA
com$cognitect$transit$util$isArray:MA
com$cognitect$transit$util$objectKeys:LA
com$cognitect$transit$util$randHex:NA
com$fulcrologic$fulcro$algorithms$data_targeting$integrate_ident_STAR_:zH
com$fulcrologic$fulcro$algorithms$data_targeting$prepend_target_QMARK_:xH
com$fulcrologic$fulcro$algorithms$data_targeting$process_target$cljs$0core$0IFn$0_invoke$0arity$04:AH
com$fulcrologic$fulcro$algorithms$data_targeting$special_target_QMARK_:yH
com$fulcrologic$fulcro$algorithms$denormalize$_STAR_denormalize_time_STAR_:nA
com$fulcrologic$fulcro$algorithms$denormalize$add_join_BANG_:uA
com$fulcrologic$fulcro$algorithms$denormalize$add_joins_BANG_:xA
com$fulcrologic$fulcro$algorithms$denormalize$add_props_BANG_:sA
com$fulcrologic$fulcro$algorithms$denormalize$add_union_BANG_:wA
com$fulcrologic$fulcro$algorithms$denormalize$db__GT_tree:yA
com$fulcrologic$fulcro$algorithms$denormalize$denormalization_time:zA
com$fulcrologic$fulcro$algorithms$denormalize$denormalize:vA
com$fulcrologic$fulcro$algorithms$denormalize$follow_ref:qA
com$fulcrologic$fulcro$algorithms$denormalize$link_ref_QMARK_:oA
com$fulcrologic$fulcro$algorithms$denormalize$lookup_ref_QMARK_:pA
com$fulcrologic$fulcro$algorithms$denormalize$reduce_depth:tA
com$fulcrologic$fulcro$algorithms$denormalize$with_time:rA
com$fulcrologic$fulcro$algorithms$do_not_use$ast__GT_query:IA
com$fulcrologic$fulcro$algorithms$do_not_use$atom_QMARK_:AA
com$fulcrologic$fulcro$algorithms$do_not_use$deep_merge:HA
com$fulcrologic$fulcro$algorithms$do_not_use$dev_check_query:JA
com$fulcrologic$fulcro$algorithms$do_not_use$join_QMARK_:CA
com$fulcrologic$fulcro$algorithms$do_not_use$join_entry:BA
com$fulcrologic$fulcro$algorithms$do_not_use$join_key:FA
com$fulcrologic$fulcro$algorithms$do_not_use$join_value:GA
com$fulcrologic$fulcro$algorithms$do_not_use$recursion_QMARK_:DA
com$fulcrologic$fulcro$algorithms$do_not_use$union_QMARK_:EA
com$fulcrologic$fulcro$algorithms$indexing$drop_component_BANG_:OI
com$fulcrologic$fulcro$algorithms$indexing$drop_component_STAR_:NI
com$fulcrologic$fulcro$algorithms$indexing$index_component_BANG_:MI
com$fulcrologic$fulcro$algorithms$indexing$index_component_STAR_:LI
com$fulcrologic$fulcro$algorithms$indexing$index_query:HI
com$fulcrologic$fulcro$algorithms$indexing$index_query_STAR_:GI
com$fulcrologic$fulcro$algorithms$indexing$index_root_BANG_:KI
com$fulcrologic$fulcro$algorithms$indexing$link_query_props:JI
com$fulcrologic$fulcro$algorithms$indexing$top_level_keys:II
com$fulcrologic$fulcro$algorithms$lookup$app_algorithm:Mw
com$fulcrologic$fulcro$algorithms$merge$as_leaf:nI
com$fulcrologic$fulcro$algorithms$merge$is_ui_query_fragment_QMARK_:mI
com$fulcrologic$fulcro$algorithms$merge$leaf_QMARK_:oI
com$fulcrologic$fulcro$algorithms$merge$mark_missing:qI
com$fulcrologic$fulcro$algorithms$merge$mark_missing_impl:pI
com$fulcrologic$fulcro$algorithms$merge$merge_STAR_:zI
com$fulcrologic$fulcro$algorithms$merge$merge_alternate_union_elements:CI
com$fulcrologic$fulcro$algorithms$merge$merge_alternate_unions:AI
com$fulcrologic$fulcro$algorithms$merge$merge_component:BI
com$fulcrologic$fulcro$algorithms$merge$merge_idents:yI
com$fulcrologic$fulcro$algorithms$merge$merge_mutation_joins:vI
com$fulcrologic$fulcro$algorithms$merge$merge_tree:xI
com$fulcrologic$fulcro$algorithms$merge$pre_merge_transform$cljs$0core$0IFn$0_invoke$0arity$02:uI
com$fulcrologic$fulcro$algorithms$merge$sift_idents:wI
com$fulcrologic$fulcro$algorithms$merge$sweep:sI
com$fulcrologic$fulcro$algorithms$merge$sweep_merge:tI
com$fulcrologic$fulcro$algorithms$merge$sweep_one:rI
com$fulcrologic$fulcro$algorithms$normalize$normalize_STAR_:kI
com$fulcrologic$fulcro$algorithms$normalize$tree__GT_db$cljs$0core$0IFn$0_invoke$0arity$04:lI
com$fulcrologic$fulcro$algorithms$scheduling$defer:PI
com$fulcrologic$fulcro$algorithms$scheduling$schedule_BANG_$cljs$0core$0IFn$0_invoke$0arity$04:QI
com$fulcrologic$fulcro$algorithms$scheduling$schedule_animation_BANG_:SI
com$fulcrologic$fulcro$algorithms$tempid$TempId:vG
com$fulcrologic$fulcro$algorithms$tempid$resolve_tempids:zG
com$fulcrologic$fulcro$algorithms$tempid$resolve_tempids_BANG_:AG
com$fulcrologic$fulcro$algorithms$tempid$result__GT_tempid__GT_realid:yG
com$fulcrologic$fulcro$algorithms$transit$transit_handlers:BG
com$fulcrologic$fulcro$algorithms$tx_processing$abort_BANG_:YJ
com$fulcrologic$fulcro$algorithms$tx_processing$abort_elements_BANG_:XJ
com$fulcrologic$fulcro$algorithms$tx_processing$activate_submissions_BANG_:zJ
com$fulcrologic$fulcro$algorithms$tx_processing$active_remotes:UJ
com$fulcrologic$fulcro$algorithms$tx_processing$add_send_BANG_:IJ
com$fulcrologic$fulcro$algorithms$tx_processing$advance_actions_BANG_:DJ
com$fulcrologic$fulcro$algorithms$tx_processing$app__GT_remote_names:hJ
com$fulcrologic$fulcro$algorithms$tx_processing$application_rendered_BANG_:wJ
com$fulcrologic$fulcro$algorithms$tx_processing$build_env$cljs$0core$0IFn$0_invoke$0arity$02:uJ
com$fulcrologic$fulcro$algorithms$tx_processing$build_env$cljs$0core$0IFn$0_invoke$0arity$03:tJ
com$fulcrologic$fulcro$algorithms$tx_processing$combine_sends:oJ
com$fulcrologic$fulcro$algorithms$tx_processing$compute_desired_ast_node:HJ
com$fulcrologic$fulcro$algorithms$tx_processing$default_tx_BANG_:WJ
com$fulcrologic$fulcro$algorithms$tx_processing$dispatch_elements:vJ
com$fulcrologic$fulcro$algorithms$tx_processing$dispatch_result_BANG_:OJ
com$fulcrologic$fulcro$algorithms$tx_processing$distribute_element_results_BANG_:PJ
com$fulcrologic$fulcro$algorithms$tx_processing$distribute_results_BANG_:QJ
com$fulcrologic$fulcro$algorithms$tx_processing$element_with_work:LJ
com$fulcrologic$fulcro$algorithms$tx_processing$every_ast_QMARK_:jJ
com$fulcrologic$fulcro$algorithms$tx_processing$extract_parallel:iJ
com$fulcrologic$fulcro$algorithms$tx_processing$fully_complete_QMARK_:FJ
com$fulcrologic$fulcro$algorithms$tx_processing$idle_node_QMARK_:KJ
com$fulcrologic$fulcro$algorithms$tx_processing$mutation_ast_QMARK_:kJ
com$fulcrologic$fulcro$algorithms$tx_processing$net_send_BANG_:qJ
com$fulcrologic$fulcro$algorithms$tx_processing$process_queue_BANG_:AJ
com$fulcrologic$fulcro$algorithms$tx_processing$process_send_queues_BANG_:rJ
com$fulcrologic$fulcro$algorithms$tx_processing$query_ast_QMARK_:lJ
com$fulcrologic$fulcro$algorithms$tx_processing$queue_element_sends_BANG_:JJ
com$fulcrologic$fulcro$algorithms$tx_processing$queue_next_send_BANG_:MJ
com$fulcrologic$fulcro$algorithms$tx_processing$queue_sends_BANG_:NJ
com$fulcrologic$fulcro$algorithms$tx_processing$record_result_BANG_$cljs$0core$0IFn$0_invoke$0arity$06:GJ
com$fulcrologic$fulcro$algorithms$tx_processing$remotes_active_on_node:TJ
com$fulcrologic$fulcro$algorithms$tx_processing$remove_send_BANG_:pJ
com$fulcrologic$fulcro$algorithms$tx_processing$requested_refreshes:SJ
com$fulcrologic$fulcro$algorithms$tx_processing$run_actions_BANG_:EJ
com$fulcrologic$fulcro$algorithms$tx_processing$schedule_activation_BANG_:yJ
com$fulcrologic$fulcro$algorithms$tx_processing$schedule_activation_BANG_$cljs$0core$0IFn$0_invoke$0arity$02:xJ
com$fulcrologic$fulcro$algorithms$tx_processing$schedule_queue_processing_BANG_$cljs$0core$0IFn$0_invoke$0arity$02:BJ
com$fulcrologic$fulcro$algorithms$tx_processing$schedule_sends_BANG_$cljs$0core$0IFn$0_invoke$0arity$02:CJ
com$fulcrologic$fulcro$algorithms$tx_processing$sort_queue_writes_before_reads:mJ
com$fulcrologic$fulcro$algorithms$tx_processing$top_keys:nJ
com$fulcrologic$fulcro$algorithms$tx_processing$transact_sync_BANG_:VJ
com$fulcrologic$fulcro$algorithms$tx_processing$tx_node$cljs$0core$0IFn$0_invoke$0arity$02:sJ
com$fulcrologic$fulcro$algorithms$tx_processing$update_progress_BANG_:RJ
com$fulcrologic$fulcro$application$mount_BANG_$cljs$0core$0IFn$0_invoke$0arity$04:xK
com$fulcrologic$fulcro$application$mounted_QMARK_:vK
com$fulcrologic$fulcro$application$set_root_BANG_:wK
com$fulcrologic$fulcro$application$update_shared_BANG_:uK
com$fulcrologic$fulcro$components$_STAR_app_STAR_:GH
com$fulcrologic$fulcro$components$_STAR_blindly_render_STAR_:KH
com$fulcrologic$fulcro$components$_STAR_depth_STAR_:IH
com$fulcrologic$fulcro$components$_STAR_parent_STAR_:HH
com$fulcrologic$fulcro$components$_STAR_shared_STAR_:JH
com$fulcrologic$fulcro$components$component_instance_QMARK_:MH
com$fulcrologic$fulcro$components$configure_component_BANG_:bI
com$fulcrologic$fulcro$components$depth:QH
com$fulcrologic$fulcro$components$factory$cljs$0core$0IFn$0_invoke$0arity$02:iI
com$fulcrologic$fulcro$components$force_children:LH
com$fulcrologic$fulcro$components$get_query$cljs$0core$0IFn$0_invoke$0arity$01:fI
com$fulcrologic$fulcro$components$get_query$cljs$0core$0IFn$0_invoke$0arity$02:gI
com$fulcrologic$fulcro$components$get_state$cljs$0core$0IFn$0_invoke$0arity$02:dI
com$fulcrologic$fulcro$components$has_feature_QMARK_:NH
com$fulcrologic$fulcro$components$has_ident_QMARK_:PH
com$fulcrologic$fulcro$components$has_initial_app_state_QMARK_:OH
com$fulcrologic$fulcro$components$raw__GT_newest_props:RH
com$fulcrologic$fulcro$components$refresh_component_BANG_:jI
com$fulcrologic$fulcro$components$set_state_BANG_$cljs$0core$0IFn$0_invoke$0arity$03:cI
com$fulcrologic$fulcro$components$shared$cljs$0core$0IFn$0_invoke$0arity$02:SH
com$fulcrologic$fulcro$components$tunnel_props_BANG_:eI
com$fulcrologic$fulcro$components$wrapped_render:hI
com$fulcrologic$fulcro$data_fetch$elide_ast_nodes:ZJ
com$fulcrologic$fulcro$data_fetch$finish_load_BANG_:bK
com$fulcrologic$fulcro$data_fetch$load_failed_BANG_:cK
com$fulcrologic$fulcro$data_fetch$remove_load_marker_BANG_:aK
com$fulcrologic$fulcro$data_fetch$set_load_marker_BANG_:$J
com$fulcrologic$fulcro$dom$Input:CK
com$fulcrologic$fulcro$dom$form_elements_QMARK_:EK
com$fulcrologic$fulcro$dom$inputs$StringBufferedInput:AK
com$fulcrologic$fulcro$dom$is_form_element_QMARK_:FK
com$fulcrologic$fulcro$dom$update_state:DK
com$fulcrologic$fulcro$dom$wrap_form_element:GK
com$fulcrologic$fulcro$inspect$inspect_client$app_id:ZI
com$fulcrologic$fulcro$inspect$inspect_client$app_started_BANG_:fJ
com$fulcrologic$fulcro$inspect$inspect_client$app_uuid:XI
com$fulcrologic$fulcro$inspect$inspect_client$app_uuid_key:UI
com$fulcrologic$fulcro$inspect$inspect_client$apps_STAR_:TI
com$fulcrologic$fulcro$inspect$inspect_client$current_history_id:$I
com$fulcrologic$fulcro$inspect$inspect_client$optimistic_action_finished_BANG_:gJ
com$fulcrologic$fulcro$inspect$inspect_client$post_message:VI
com$fulcrologic$fulcro$inspect$inspect_client$record_history_entry_BANG_:aJ
com$fulcrologic$fulcro$inspect$inspect_client$remotes:YI
com$fulcrologic$fulcro$inspect$inspect_client$runtime_atom:WI
com$fulcrologic$fulcro$inspect$inspect_client$send_ch:eB
com$fulcrologic$fulcro$inspect$inspect_client$send_failed_BANG_:eJ
com$fulcrologic$fulcro$inspect$inspect_client$send_finished_BANG_:dJ
com$fulcrologic$fulcro$inspect$inspect_client$send_started_BANG_:cJ
com$fulcrologic$fulcro$inspect$inspect_client$transact_inspector_BANG_$cljs$0core$0IFn$0_invoke$0arity$02:bJ
com$fulcrologic$fulcro$mutations$default_result_action_BANG_:EI
com$fulcrologic$fulcro$mutations$mutate:FI
com$fulcrologic$fulcro$mutations$update_errors_on_ui_component_BANG_$cljs$0core$0IFn$0_invoke$0arity$02:DI
com$fulcrologic$fulcro$raw$application$current_state:dK
com$fulcrologic$fulcro$raw$application$default_global_eql_transform:kK
com$fulcrologic$fulcro$raw$application$default_remote_error_QMARK_:jK
com$fulcrologic$fulcro$raw$application$fulcro_app$cljs$0core$0IFn$0_invoke$0arity$01:mK
com$fulcrologic$fulcro$raw$application$initialize_state_BANG_:lK
com$fulcrologic$fulcro$raw$application$render_BANG_:gK
com$fulcrologic$fulcro$raw$application$root_props_changed_QMARK_:fK
com$fulcrologic$fulcro$raw$application$schedule_render_BANG_:iK
com$fulcrologic$fulcro$raw$application$update_shared_BANG_:eK
com$fulcrologic$fulcro$raw$components$_STAR_after_render_STAR_:oH
com$fulcrologic$fulcro$raw$components$_STAR_query_state_STAR_:DG
com$fulcrologic$fulcro$raw$components$any__GT_app:NG
com$fulcrologic$fulcro$raw$components$check_component_registry_BANG_:wH
com$fulcrologic$fulcro$raw$components$class__GT_registry_key:PG
com$fulcrologic$fulcro$raw$components$component_class_QMARK_:OG
com$fulcrologic$fulcro$raw$components$component_instance_QMARK_:MG
com$fulcrologic$fulcro$raw$components$component_name:KA
com$fulcrologic$fulcro$raw$components$component_options:XG
com$fulcrologic$fulcro$raw$components$component_options$cljs$0core$0IFn$0_invoke$0arity$0variadic:YG
com$fulcrologic$fulcro$raw$components$component_registry:CG
com$fulcrologic$fulcro$raw$components$component_type:WG
com$fulcrologic$fulcro$raw$components$computed:RG
com$fulcrologic$fulcro$raw$components$denormalize_query:lH
com$fulcrologic$fulcro$raw$components$get_computed:SG
com$fulcrologic$fulcro$raw$components$get_computed$cljs$0core$0IFn$0_invoke$0arity$01:TG
com$fulcrologic$fulcro$raw$components$get_computed$cljs$0core$0IFn$0_invoke$0arity$02:UG
com$fulcrologic$fulcro$raw$components$get_ident:hH
com$fulcrologic$fulcro$raw$components$get_ident$cljs$0core$0IFn$0_invoke$0arity$01:iH
com$fulcrologic$fulcro$raw$components$get_ident$cljs$0core$0IFn$0_invoke$0arity$02:jH
com$fulcrologic$fulcro$raw$components$get_initial_state:eH
com$fulcrologic$fulcro$raw$components$get_initial_state$cljs$0core$0IFn$0_invoke$0arity$01:fH
com$fulcrologic$fulcro$raw$components$get_initial_state$cljs$0core$0IFn$0_invoke$0arity$02:gH
com$fulcrologic$fulcro$raw$components$get_query$cljs$0core$0IFn$0_invoke$0arity$01:mH
com$fulcrologic$fulcro$raw$components$get_query$cljs$0core$0IFn$0_invoke$0arity$02:nH
com$fulcrologic$fulcro$raw$components$has_feature_QMARK_:ZG
com$fulcrologic$fulcro$raw$components$has_ident_QMARK_:aH
com$fulcrologic$fulcro$raw$components$has_initial_app_state_QMARK_:$G
com$fulcrologic$fulcro$raw$components$ident:bH
com$fulcrologic$fulcro$raw$components$initial_state:dH
com$fulcrologic$fulcro$raw$components$isoget:HG
com$fulcrologic$fulcro$raw$components$isoget$cljs$0core$0IFn$0_invoke$0arity$02:IG
com$fulcrologic$fulcro$raw$components$isoget$cljs$0core$0IFn$0_invoke$0arity$03:JG
com$fulcrologic$fulcro$raw$components$isoget_in:EG
com$fulcrologic$fulcro$raw$components$isoget_in$cljs$0core$0IFn$0_invoke$0arity$02:FG
com$fulcrologic$fulcro$raw$components$isoget_in$cljs$0core$0IFn$0_invoke$0arity$03:GG
com$fulcrologic$fulcro$raw$components$link_element:qH
com$fulcrologic$fulcro$raw$components$link_query:tH
com$fulcrologic$fulcro$raw$components$newer_props:LG
com$fulcrologic$fulcro$raw$components$normalize_query:sH
com$fulcrologic$fulcro$raw$components$normalize_query_elements:rH
com$fulcrologic$fulcro$raw$components$props:VG
com$fulcrologic$fulcro$raw$components$query:cH
com$fulcrologic$fulcro$raw$components$query_id:kH
com$fulcrologic$fulcro$raw$components$register_component_BANG_:KG
com$fulcrologic$fulcro$raw$components$registry_key__GT_class:QG
com$fulcrologic$fulcro$raw$components$set_query_STAR_:uH
com$fulcrologic$fulcro$raw$components$transact_BANG_$cljs$0core$0IFn$0_invoke$0arity$02:pH
com$fulcrologic$fulcro$rendering$ident_optimized_render$render_component_BANG_:pK
com$fulcrologic$fulcro$rendering$ident_optimized_render$render_components_with_ident_BANG_:qK
com$fulcrologic$fulcro$rendering$keyframe_render$render_BANG_:oK
com$fulcrologic$fulcro$rendering$multiple_roots_renderer$render_BANG_:tK
com$fulcrologic$fulcro$rendering$multiple_roots_renderer$render_roots_BANG_:rK
com$fulcrologic$fulcro$rendering$multiple_roots_renderer$render_stale_components_BANG_:sK
com$fulcrologic$guardrails$core$pending_check_channel:MB
compile_54114:Aw
compile_54337:lw
component_did_mount:VH
component_did_update:WH
component_will_unmount:aI
conform_QMARK__STAR__54115:Bw
digits_60014:BK
edn_query_language$core$ast__GT_expr$cljs$0core$0IFn$0_invoke$0arity$02:eA
edn_query_language$core$ast__GT_query:fA
edn_query_language$core$expr__GT_ast:aA
edn_query_language$core$ident_QMARK_:gA
edn_query_language$core$mark_meta:Zz
edn_query_language$core$node_type:Pz
edn_query_language$core$parameterize:dA
edn_query_language$core$query__GT_ast:bA
edn_query_language$core$union_entry__GT_ast:$z
edn_query_language$core$wrap_expr:cA
expound$alpha$_STAR_value_str_fn_STAR_:TF
expound$alpha$conj_groups:sG
expound$alpha$contains_alternate_at_path_QMARK_:nG
expound$alpha$error_message:ZF
expound$alpha$expected_str:dG
expound$alpha$expected_str_STAR_:fG
expound$alpha$explain_missing_keys:iG
expound$alpha$format_err:jG
expound$alpha$groups:tG
expound$alpha$groups_walk:pG
expound$alpha$header:kG
expound$alpha$header_label:aG
expound$alpha$label:$F
expound$alpha$lcs:mG
expound$alpha$lcs_STAR_:lG
expound$alpha$lift_singleton_groups:qG
expound$alpha$multi_spec:bG
expound$alpha$pr_pred:VF
expound$alpha$pr_pred_STAR_:UF
expound$alpha$preds:XF
expound$alpha$problem_group_str:cG
expound$alpha$problems_without_location:uG
expound$alpha$registry_ref:SF
expound$alpha$replace_group:rG
expound$alpha$share_alt_tags_QMARK_:oG
expound$alpha$show_spec_name:WF
expound$alpha$spec_w_error_message_QMARK_:YF
expound$alpha$value_PLUS_conformed_value:hG
expound$alpha$value_str:eG
expound$alpha$value_str_STAR_:gG
expound$ansi$_STAR_print_styles_STAR_:lF
expound$ansi$color$cljs$0core$0IFn$0_invoke$0arity$0variadic:nF
expound$ansi$esc:jF
expound$ansi$resolve_styles:mF
expound$ansi$sgr:kF
expound$ansi$sgr_code:iF
expound$paths$value_in:QB
expound$printer$elide_core_ns:KF
expound$printer$format:yF
expound$printer$format$cljs$0core$0IFn$0_invoke$0arity$0variadic:MF
expound$printer$formatted_multirows:DF
expound$printer$formatted_row:zF
expound$printer$indent$cljs$0core$0IFn$0_invoke$0arity$03:RF
expound$printer$indented_multirows:xF
expound$printer$key__GT_spec:HF
expound$printer$max_column_width:vF
expound$printer$max_row_height:wF
expound$printer$missing_key:JF
expound$printer$multirow:BF
expound$printer$multirows:CF
expound$printer$pprint_fn:LF
expound$printer$pprint_str:NF
expound$printer$print_missing_keys:QF
expound$printer$print_spec_keys:PF
expound$printer$print_spec_keys_STAR_:OF
expound$printer$print_table$cljs$0core$0IFn$0_invoke$0arity$02:FF
expound$printer$specs_from_form:GF
expound$printer$summarize_key_clause:IF
expound$printer$table:AF
expound$printer$table_str:EF
expound$problems$ptype:RB
form$jscomp$inline_1774:tF
g_51982:Xw
g__13334__auto___51986:ax
g__13334__auto___51990:cx
g__13334__auto___51994:ex
g__13334__auto___52014:gx
g__13334__auto___52023:ix
g__13334__auto___52028:kx
g__13334__auto___52032:mx
g__13334__auto___52039:ox
g__13334__auto___52054:qx
g__13334__auto___52059:sx
g__13334__auto___52072:ux
g__13334__auto___52077:wx
g__13334__auto___52083:yx
g__13334__auto___52095:Ax
g__13334__auto___52100:Cx
g__13334__auto___52109:Ex
g__13334__auto___52114:Gx
g__13347__auto___52123:Ix
g__13347__auto___52127:Kx
g__13347__auto___52133:Mx
g__13347__auto___52158:Ox
g__13347__auto___52172:Qx
g__13347__auto___52177:Sx
g__13347__auto___52189:Ux
g__13347__auto___52201:Wx
g__13347__auto___52220:Yx
g__13347__auto___52225:$x
g__13347__auto___52229:by
g__13347__auto___52233:dy
go_BANG__60848:hK
goog$UID_PROPERTY_:ka
goog$Uri:gb
goog$Uri$QueryData:mb
goog$Uri$decodeOrEmpty_:lb
goog$Uri$encodeChar_:tb
goog$Uri$encodeSpecialChars_:nb
goog$Uri$reDisallowedInAbsolutePath_:pb
goog$Uri$reDisallowedInFragment_:rb
goog$Uri$reDisallowedInQuery_:sb
goog$Uri$reDisallowedInRelativePath_:qb
goog$Uri$reDisallowedInSchemeOrUserInfo_:ob
goog$async$nextTick$getSetImmediateEmulator_:Jv
goog$async$nextTick$setImmediate_:Iv
goog$bind:pa
goog$bindJs_:na
goog$bindNative_:ma
goog$date$getCutOffSameWeek_:Yu
goog$dom$createElement:Fv
goog$dom$findNode:Gv
goog$dom$findNodes_:Hv
goog$exportPath_:ea
goog$getUid:ia
goog$global:ca
goog$i18n$DateTimeFormat:cv
goog$i18n$DateTimeFormat$TOKENS_:fv
goog$i18n$DateTimeFormat$getHours_:gv
goog$i18n$DateTimeFormat$removeRlmInPatterns_:hv
goog$i18n$DateTimeFormat$validateDateHasTime_:kv
goog$i18n$DateTimeSymbols:Xu
goog$i18n$DateTimeSymbols_en:Wu
goog$i18n$TimeZone:Zu
goog$i18n$TimeZone$composeGMTString_:av
goog$i18n$TimeZone$createTimeZone:$u
goog$inherits:qa
goog$isArrayLike:ha
goog$string$StringBuffer:zb
goog$string$format:Bv
goog$string$internal$isEmptyOrWhitespace:Ia
goog$string$internal$trim:Ja
goog$string$isUnicodeChar:Za
goog$string$padNumber:ab
goog$string$repeat:$a
goog$structs$forEach:db
goog$structs$getKeys:cb
goog$structs$getValues:bb
goog$typeOf:fa
goog$uidCounter_:la
goog$uri$utils$parseQueryData:fb
goog$uri$utils$splitRe_:eb
hierarchy__4751__auto__$jscomp$inline_2306:vv
hierarchy__4751__auto__$jscomp$inline_2345:Uz
hierarchy__4751__auto__$jscomp$inline_2449:QE
hierarchy__4751__auto__$jscomp$inline_2483:hF
leglist_54122:Fw
level__GT_int_54107:ww
method_cache__4749__auto__$jscomp$inline_2304:tv
method_cache__4749__auto__$jscomp$inline_2343:Sz
method_cache__4749__auto__$jscomp$inline_2447:OE
method_cache__4749__auto__$jscomp$inline_2481:fF
method_table__4747__auto__$jscomp$inline_2302:rv
method_table__4747__auto__$jscomp$inline_2341:Qz
method_table__4747__auto__$jscomp$inline_2445:ME
method_table__4747__auto__$jscomp$inline_2479:dF
mkg_51983:Yw
mmvar$jscomp$inline_1480:Yz
module$contents$goog$array_defaultCompare:Sa
module$contents$goog$array_sort:Ra
module$contents$goog$array_stableSort:Ta
module$contents$goog$array_toArray:Qa
module$contents$goog$labs$userAgent$browser_matchChrome:Ya
module$contents$goog$labs$userAgent$browser_matchFirefox:Xa
module$contents$goog$labs$userAgent$platform_isIos:Dv
module$contents$goog$labs$userAgent$platform_isIphone:Cv
module$contents$goog$labs$userAgent$util_matchUserAgent:Wa
module$contents$goog$labs$userAgent$util_userAgentInternal:Va
module$contents$goog$math$Long_Long:ta
module$contents$goog$math$Long_Long$fromBits:sa
module$contents$goog$math$Long_Long$fromNumber:va
module$contents$goog$math$Long_Long$fromString:Ba
module$contents$goog$math$Long_MAX_VALUE_:xa
module$contents$goog$math$Long_MIN_VALUE_:ya
module$contents$goog$math$Long_NEG_ONE_:Ha
module$contents$goog$math$Long_ONE_:Ga
module$contents$goog$math$Long_ZERO_:Aa
module$contents$goog$object_PROTOTYPE_FIELDS:Oa
module$contents$goog$object_extend:Pa
module$contents$goog$object_get:Na
module$contents$goog$object_getKeys:Ka
module$contents$goog$object_getValueByKeys:La
module$contents$goog$object_remove:Ma
module$node_modules$react$index:FH
module$node_modules$react_dom$index:nK
navigator$jscomp$inline_1230:Ev
never_54335:jw
options__45685__auto___61219:HK
p$jscomp$inline_1775:uF
prefer_table__4748__auto__$jscomp$inline_2303:sv
prefer_table__4748__auto__$jscomp$inline_2342:Rz
prefer_table__4748__auto__$jscomp$inline_2446:NE
prefer_table__4748__auto__$jscomp$inline_2480:eF
raf_58530:RI
shadow$js$files:BH
shadow$js$jsRequire:EH
shadow$js$nativeRequires:CH
shadow$js$requireStack:DH
should_component_update_QMARK_:XH
static_wrap_props_state_handler:TH
taoensso$encore$LimitEntry:Yv
taoensso$encore$LimitHits:Zv
taoensso$encore$LimitSpec:Xv
taoensso$encore$as__QMARK_int:Mv
taoensso$encore$as__QMARK_nempty_str:Lv
taoensso$encore$assert_min_encore_version:Rv
taoensso$encore$assoc_nx:Sv
taoensso$encore$coerce_limit_specs:$v
taoensso$encore$compile_str_filter:mw
taoensso$encore$encore_version:Kv
taoensso$encore$get_substr:ew
taoensso$encore$get_substring:fw
taoensso$encore$get_subvec:Tv
taoensso$encore$get_subvector:Uv
taoensso$encore$js__QMARK_win:Pv
taoensso$encore$limiter_STAR_:aw
taoensso$encore$map_vals:Wv
taoensso$encore$ms:hw
taoensso$encore$nil__GT_str:gw
taoensso$encore$parse_version:Qv
taoensso$encore$reduce_kvs:Nv
taoensso$encore$rsome:Ov
taoensso$encore$str_builder:bw
taoensso$encore$str_join$cljs$0core$0IFn$0_invoke$0arity$03:dw
taoensso$encore$str_rf:cw
taoensso$encore$vrest:Vv
taoensso$timbre$_STAR_config_STAR_:vw
taoensso$timbre$_log_BANG_$cljs$0core$0IFn$0_invoke$0arity$011:Lw
taoensso$timbre$appenders$core$console_appender:pw
taoensso$timbre$appenders$core$console_appender$cljs$0core$0IFn$0_invoke$0arity$0variadic:qw
taoensso$timbre$appenders$core$println_appender:nw
taoensso$timbre$appenders$core$println_appender$cljs$0core$0IFn$0_invoke$0arity$0variadic:ow
taoensso$timbre$default_output_fn:sw
taoensso$timbre$default_timestamp_opts:rw
taoensso$timbre$get_min_level:Ew
taoensso$timbre$get_rate_limiter:Jw
taoensso$timbre$legacy_ns_filter:Gw
taoensso$timbre$level_GT__EQ_:zw
taoensso$timbre$may_log_QMARK_$cljs$0core$0IFn$0_invoke$0arity$04:Hw
taoensso$timbre$may_log_ns_QMARK_:Cw
taoensso$timbre$ns__GT__QMARK_min_level:Dw
taoensso$timbre$parse_vargs:Kw
taoensso$timbre$stacktrace:uw
taoensso$timbre$stacktrace$cljs$0core$0IFn$0_invoke$0arity$02:tw
taoensso$timbre$str_join:Iw
taoensso$timbre$valid_level:xw
taoensso$timbre$valid_level__GT_int:yw
wild_str__GT__QMARK_re_pattern_54336:kw
wrap_base_render:$H
wrap_props_handler:YH
wrap_props_state_handler:UH
wrap_this:ZH
