AMPMS:mf
DATEFORMATS:De
DATETIMEFORMATS:nf
DST_GENERIC_LOCATION:pf
ERANAMES:qf
ERAS:rf
FIRSTDAYOFWEEK:Ee
FIRSTWEEKCUTOFFDAY:Fe
MONTHS:sf
NARROWMONTHS:tf
NARROWWEEKDAYS:ih
QUARTERS:uf
SHORTMONTHS:vf
SHORTQUARTERS:wf
SHORTWEEKDAYS:xf
STANDALONEMONTHS:yf
STANDALONENARROWMONTHS:zf
STANDALONENARROWWEEKDAYS:Af
STANDALONESHORTMONTHS:Bf
STANDALONESHORTWEEKDAYS:Cf
STANDALONEWEEKDAYS:Df
STD_GENERIC_LOCATION:Ge
STD_LONG_NAME_GMT:jh
TIMEFORMATS:He
WEEKDAYS:Ef
WEEKENDRANGE:kh
ZERODIGIT:Ff
__GT_Generator:Gf
__extmap:B
__hash:G
__meta:M
_hash:Hc
_meta:zb
_next:tc
_rest:ae
_seq:Vc
add_BANG_:Ab
addcv:Hf
afn:P
aform:wd
any_printable:If
argm:Ie
argspec:xd
arr:m
base_count:Je
bitmap:la
blockable:Ke
boolean$:Jf
buf:fa
buffer_:mc
cached:be
cached_hierarchy:yd
capped:Wc
cause:Le
cb:Me
cfns:zd
cform:dc
char$:Kf
check_QMARK_:Ad
choose:Lf
chunk:ca
chunk_next:ec
ci:Bd
cljs$core$APersistentVector$:ce
cljs$core$Fn$:Ne
cljs$core$IAssociative$:Oe
cljs$core$IAssociative$_assoc$arity$3:ya
cljs$core$IAssociative$_contains_key_QMARK_$arity$2:qb
cljs$core$IAtom$:lh
cljs$core$IChunk$_drop_first$arity$1:de
cljs$core$IChunkedNext$_chunked_next$arity$1:Cd
cljs$core$IChunkedSeq$:mh
cljs$core$IChunkedSeq$_chunked_first$arity$1:Xc
cljs$core$IChunkedSeq$_chunked_rest$arity$1:nc
cljs$core$ICollection$:nh
cljs$core$ICollection$_conj$arity$2:ma
cljs$core$IComparable$:uc
cljs$core$IComparable$_compare$arity$2:fc
cljs$core$ICounted$:Mf
cljs$core$ICounted$_count$arity$1:ga
cljs$core$IDeref$:ee
cljs$core$IDeref$_deref$arity$1:Bb
cljs$core$IEditableCollection$:Nf
cljs$core$IEditableCollection$_as_transient$arity$1:Ic
cljs$core$IEmptyableCollection$:Of
cljs$core$IEmptyableCollection$_empty$arity$1:ra
cljs$core$IEncodeJS$:Pf
cljs$core$IEncodeJS$_clj__GT_js$arity$1:Qf
cljs$core$IEquiv$_equiv$arity$2:N
cljs$core$IFind$:Yc
cljs$core$IFind$_find$arity$2:Jc
cljs$core$IFn$:oh
cljs$core$IFn$_invoke$arity$0:o
cljs$core$IFn$_invoke$arity$1:g
cljs$core$IFn$_invoke$arity$10:Ua
cljs$core$IFn$_invoke$arity$11:Va
cljs$core$IFn$_invoke$arity$12:Wa
cljs$core$IFn$_invoke$arity$13:Xa
cljs$core$IFn$_invoke$arity$14:Ya
cljs$core$IFn$_invoke$arity$15:Za
cljs$core$IFn$_invoke$arity$16:$a
cljs$core$IFn$_invoke$arity$17:ab
cljs$core$IFn$_invoke$arity$18:bb
cljs$core$IFn$_invoke$arity$19:cb
cljs$core$IFn$_invoke$arity$2:h
cljs$core$IFn$_invoke$arity$20:eb
cljs$core$IFn$_invoke$arity$21:Zc
cljs$core$IFn$_invoke$arity$22:fe
cljs$core$IFn$_invoke$arity$3:j
cljs$core$IFn$_invoke$arity$4:v
cljs$core$IFn$_invoke$arity$5:V
cljs$core$IFn$_invoke$arity$6:aa
cljs$core$IFn$_invoke$arity$7:Pa
cljs$core$IFn$_invoke$arity$8:Qa
cljs$core$IFn$_invoke$arity$9:fb
cljs$core$IFn$_invoke$arity$variadic:l
cljs$core$IHash$:Rf
cljs$core$IHash$_hash$arity$1:ea
cljs$core$IIndexed$:Pe
cljs$core$IIndexed$_nth$arity$2:Z
cljs$core$IIndexed$_nth$arity$3:gb
cljs$core$IIterable$:ph
cljs$core$IIterable$_iterator$arity$1:Ca
cljs$core$IKVReduce$:qh
cljs$core$IKVReduce$_kv_reduce$arity$3:wb
cljs$core$IList$:rh
cljs$core$ILookup$:Sf
cljs$core$ILookup$_lookup$arity$2:ua
cljs$core$ILookup$_lookup$arity$3:ba
cljs$core$IMap$:sh
cljs$core$IMap$_dissoc$arity$2:Gb
cljs$core$IMapEntry$:th
cljs$core$IMapEntry$_key$arity$1:Tf
cljs$core$IMapEntry$_val$arity$1:Uf
cljs$core$IMeta$:ge
cljs$core$IMeta$_meta$arity$1:X
cljs$core$IMultiFn$_add_method$arity$3:O
cljs$core$IMultiFn$_dispatch_fn$arity$1:Vf
cljs$core$IMultiFn$_get_method$arity$2:za
cljs$core$IMultiFn$_methods$arity$1:Qe
cljs$core$INamed$:Re
cljs$core$INamed$_name$arity$1:$c
cljs$core$INamed$_namespace$arity$1:ad
cljs$core$INext$:bd
cljs$core$INext$_next$arity$1:va
cljs$core$IPending$:uh
cljs$core$IPending$_realized_QMARK_$arity$1:Dd
cljs$core$IPrintWithWriter$:qa
cljs$core$IPrintWithWriter$_pr_writer$arity$3:da
cljs$core$IRecord$:vh
cljs$core$IReduce$:Wf
cljs$core$IReduce$_reduce$arity$2:Ga
cljs$core$IReduce$_reduce$arity$3:Ha
cljs$core$IReset$_reset_BANG_$arity$2:Xf
cljs$core$IReversible$:wh
cljs$core$IReversible$_rseq$arity$1:cd
cljs$core$ISeq$:Kc
cljs$core$ISeq$_first$arity$1:Aa
cljs$core$ISeq$_rest$arity$1:Da
cljs$core$ISeqable$:Se
cljs$core$ISeqable$_seq$arity$1:ia
cljs$core$ISequential$:Te
cljs$core$ISet$:xh
cljs$core$ISet$_disjoin$arity$2:Ue
cljs$core$ISorted$:yh
cljs$core$IStack$_peek$arity$1:vc
cljs$core$IStack$_pop$arity$1:wc
cljs$core$ISwap$_swap_BANG_$arity$2:Yf
cljs$core$ISwap$_swap_BANG_$arity$3:Zf
cljs$core$ISwap$_swap_BANG_$arity$4:$f
cljs$core$ISwap$_swap_BANG_$arity$5:ag
cljs$core$ITransientAssociative$_assoc_BANG_$arity$3:Lc
cljs$core$ITransientCollection$_conj_BANG_$arity$2:Mc
cljs$core$ITransientCollection$_persistent_BANG_$arity$1:dd
cljs$core$ITransientMap$_dissoc_BANG_$arity$2:he
cljs$core$IUUID$:bg
cljs$core$IVector$:zh
cljs$core$IVector$_assoc_n$arity$3:xc
cljs$core$IVolatile$_vreset_BANG_$arity$2:Ed
cljs$core$IWatchable$_add_watch$arity$3:Ve
cljs$core$IWithMeta$_with_meta$arity$2:Y
cljs$core$IWriter$_flush$arity$1:Zb
cljs$core$IWriter$_write$arity$2:oc
cljs$core$Inst$:cg
cljs$core$async$impl$protocols$Buffer$add_BANG__STAR_$arity$2:ie
cljs$core$async$impl$protocols$Buffer$full_QMARK_$arity$1:Fd
cljs$core$async$impl$protocols$Handler$active_QMARK_$arity$1:We
cljs$core$async$impl$protocols$Handler$blockable_QMARK_$arity$1:je
cljs$core$async$impl$protocols$Handler$commit$arity$1:Xe
cljs$core$async$impl$protocols$WritePort$put_BANG_$arity$3:ke
cljs$lang$applyTo:H
cljs$lang$ctorPrWriter:Ja
cljs$lang$ctorStr:Ba
cljs$lang$maxFixedArity:D
cljs$lang$protocol_mask$partition$:Gd
cljs$lang$protocol_mask$partition0$:A
cljs$lang$protocol_mask$partition1$:J
cljs$lang$test:Hb
cljs$lang$type:Ia
cljs$pprint$IPrettyFlush$_ppflush$arity$1:le
cljs$spec$alpha$Spec$:$b
cljs$spec$alpha$Spec$conform_STAR_$arity$2:Ib
cljs$spec$alpha$Spec$describe_STAR_$arity$1:Jb
cljs$spec$alpha$Spec$explain_STAR_$arity$5:Kb
cljs$spec$alpha$Spec$gen_STAR_$arity$4:Lb
cljs$spec$alpha$Spec$with_gen_STAR_$arity$2:Mb
cljs$spec$alpha$Specize$specize_STAR_$arity$1:sb
cljs$spec$alpha$Specize$specize_STAR_$arity$2:tb
cnt:F
collision_hash:hc
com$cognitect$transit$equals:ed
com$cognitect$transit$hashCode:me
conform_all:ne
conform_into:dg
conform_keys:eg
count_:rb
cpred:Hd
cpred_QMARK_:Id
dateTimeSymbols_:wa
def:Nb
default_dispatch_val:fg
demuxes_:ic
describe_form:Ye
dirty_puts:Jd
dirty_takes:Kd
dispatch_fn:R
distinct:oe
domain_:jc
done_nl:hb
double$:gg
dval:Ld
edit:oa
editable_QMARK_:yc
encodedQuery_:xb
end_pos:S
ensure_editable:kc
equiv:pa
ext_map_iter:Ze
fform:fd
fields:zc
fmap:hg
fn:Nc
fnspec:gd
for_all_STAR_:ig
forceChunk:hd
fqn:na
fragment_:Ac
front:ob
fseq:Oc
func:Ob
gen_into:pe
gen_max:Md
generate:jg
generators:K
getKeys:qe
getValues:Bc
gfn:W
handler:jd
hasNext:xa
has_nil_QMARK_:Ka
hash_map:Pb
hierarchy:Nd
high_:ka
i:I
ignoreCase_:Cb
indent:Ra
inode_assoc:Qb
inode_assoc_BANG_:Rb
inode_find:kd
inode_lookup:pc
inode_seq:ld
inode_without:md
inode_without_BANG_:nd
intra_block_nl:ib
isEmpty:$e
isReadOnly_:kg
iter:Pc
k__GT_s:lg
keyMap_:Ea
keys__GT_specnames:pb
keys_pred:Od
keyword:mg
keyword_ns:ng
kfn:Pd
kind_form:af
kps:og
kv_reduce:od
large_integer:pg
large_integer_STAR_:qg
last_was_whitespace_QMARK_:pd
lb:rg
len:Sb
logical_block:$
logical_block_callback:jb
low_:sa
m:re
map__52553:sg
map__52986:tg
max_columns:se
max_count:qd
meta49400:ug
meta52555:vg
meta52647:wg
meta52701:xg
meta52751:yg
meta52810:zg
meta52862:Ag
meta52996:Bg
meta53291:Cg
meta53311:Dg
meta53376:Eg
meta54488:Fg
meta54655:Gg
meta54676:Hg
meta54807:Ig
meta55023:Jg
meta55724:Kg
meta56671:Lg
meta56727:Mg
meta56760:Ng
meta56827:Og
method_cache:Qd
method_table:rd
min_count:Cc
miser_width:Pg
mmvar:te
more:Tb
ms:ue
mseq:ja
next_entry:sd
next_iter:Ub
nil_val:La
nodes:Vb
ns:kb
off:Ma
one_of:Qg
opt:Rd
opt_keys:bf
opt_specs:cf
opt_un:Sd
opts:ve
p__52552:Rg
p__52985:Sg
params:Wb
path_:ac
patternParts_:Td
per_line_prefix:lb
port_:Qc
pos:bc
pred:Sa
pred_exprs:df
pred_forms:ef
preds:Na
predx:Dc
prefer_table:Tg
properties:ff
puts:lc
queryData_:Xb
quick_check:Ug
re:qc
rear:ub
record:Vg
relative_to:yb
rep_fn:Ud
req:Vd
req_keys:gf
req_specs:hf
req_un:Wd
rest:Oa
retag:we
retspec:Rc
return$:Wg
rform:Sc
riter:td
root_iter:jf
s:ha
sb:Xg
scheme_:rc
section:mb
seen:xe
seq:cc
setIgnoreCase:ye
shuffle:Yg
simple_type_printable:Zg
spec:Tc
specs:Db
standardOffset_:Xd
start_col:Ta
start_pos:T
str:Eb
str_rep_fn:ud
string_alphanumeric:$g
such_that:ah
suffix:nb
superClass_:Ah
sym:sc
symbol:bh
symbol_ns:dh
tag_fn:Yd
takes:Uc
timeZoneId_:ze
trailing_white_space:Fb
transient_map:Ec
transitions_:Zd
tuple:eh
type_tag:U
tzNamesExt_:Fc
tzNames_:Ae
udt0:Be
unc:kf
userInfo_:Gc
uuid:Yb
v:Fa
val:C
validator:fh
vec:vb
vector:gh
vector_distinct:hh
verbose_handler_fn:vd
watches:$d
worst_ms:Ce
worst_sid:lf
writer:ta
